[legacy-contract] captured phase1_6.mutation_success.incidents.create -> tests\fixtures\legacy-golden\phase1_6.mutation_success.incidents.create.json
[legacy-contract] captured phase1_6.mutation_success.incidents.update -> tests\fixtures\legacy-golden\phase1_6.mutation_success.incidents.update.json
[legacy-contract] captured phase1_6.mutation_success.incidents.delete -> tests\fixtures\legacy-golden\phase1_6.mutation_success.incidents.delete.json
[legacy-contract] captured phase1_6.mutation_success.contacts.create -> tests\fixtures\legacy-golden\phase1_6.mutation_success.contacts.create.json
[legacy-contract] captured phase1_6.mutation_success.contacts.update -> tests\fixtures\legacy-golden\phase1_6.mutation_success.contacts.update.json
[legacy-contract] captured phase1_6.mutation_success.contacts.delete -> tests\fixtures\legacy-golden\phase1_6.mutation_success.contacts.delete.json
[legacy-contract] captured phase1_6.mutation_success.groups.create -> tests\fixtures\legacy-golden\phase1_6.mutation_success.groups.create.json
[legacy-contract] captured phase1_6.mutation_success.groups.update -> tests\fixtures\legacy-golden\phase1_6.mutation_success.groups.update.json
[legacy-contract] captured phase1_6.mutation_success.groups.delete -> tests\fixtures\legacy-golden\phase1_6.mutation_success.groups.delete.json
[legacy-contract] captured phase1_6.mutation_success.groups.permissions.update -> tests\fixtures\legacy-golden\phase1_6.mutation_success.groups.permissions.update.json
[legacy-contract] captured phase1_6.mutation_success.groups.users.delete -> tests\fixtures\legacy-golden\phase1_6.mutation_success.groups.users.delete.json
[legacy-contract] captured phase1_6.mutation_success.monitoring.picture_pages.create -> tests\fixtures\legacy-golden\phase1_6.mutation_success.monitoring.picture_pages.create.json
[legacy-contract] captured phase1_6.mutation_success.monitoring.picture_pages.update -> tests\fixtures\legacy-golden\phase1_6.mutation_success.monitoring.picture_pages.update.json
[legacy-contract] captured phase1_6.mutation_success.monitoring.picture_pages.delete -> tests\fixtures\legacy-golden\phase1_6.mutation_success.monitoring.picture_pages.delete.json
[legacy-contract] captured phase1_6.mutation_success.monitoring.picture_links.upsert -> tests\fixtures\legacy-golden\phase1_6.mutation_success.monitoring.picture_links.upsert.json
[legacy-contract] captured phase1_6.mutation_success.monitoring.picture_links.delete -> tests\fixtures\legacy-golden\phase1_6.mutation_success.monitoring.picture_links.delete.json
[legacy-contract] captured phase1_6.mutation_success.monitoring.radar_groups.create -> tests\fixtures\legacy-golden\phase1_6.mutation_success.monitoring.radar_groups.create.json
[legacy-contract] captured phase1_6.mutation_success.monitoring.radar_groups.update -> tests\fixtures\legacy-golden\phase1_6.mutation_success.monitoring.radar_groups.update.json
[legacy-contract] captured phase1_6.mutation_success.monitoring.radar_groups.delete -> tests\fixtures\legacy-golden\phase1_6.mutation_success.monitoring.radar_groups.delete.json
[legacy-contract] captured phase1_6.mutation_success.monitoring.radars.upsert -> tests\fixtures\legacy-golden\phase1_6.mutation_success.monitoring.radars.upsert.json
[legacy-contract] captured phase1_6.mutation_success.monitoring.radars.delete -> tests\fixtures\legacy-golden\phase1_6.mutation_success.monitoring.radars.delete.json
[legacy-contract] captured phase1_6.mutation_success.products.create -> tests\fixtures\legacy-golden\phase1_6.mutation_success.products.create.json
[legacy-contract] captured phase1_6.mutation_success.products.update -> tests\fixtures\legacy-golden\phase1_6.mutation_success.products.update.json
[legacy-contract] captured phase1_6.mutation_success.products.delete -> tests\fixtures\legacy-golden\phase1_6.mutation_success.products.delete.json
[legacy-contract] captured phase1_6.mutation_success.projects.create -> tests\fixtures\legacy-golden\phase1_6.mutation_success.projects.create.json
[legacy-contract] captured phase1_6.mutation_success.projects.update -> tests\fixtures\legacy-golden\phase1_6.mutation_success.projects.update.json
[legacy-contract] captured phase1_6.mutation_success.projects.delete -> tests\fixtures\legacy-golden\phase1_6.mutation_success.projects.delete.json
[legacy-contract] captured phase1_6.mutation_success.projects.activities.create -> tests\fixtures\legacy-golden\phase1_6.mutation_success.projects.activities.create.json
[legacy-contract] captured phase1_6.mutation_success.projects.activities.update -> tests\fixtures\legacy-golden\phase1_6.mutation_success.projects.activities.update.json
[legacy-contract] captured phase1_6.mutation_success.projects.activities.delete -> tests\fixtures\legacy-golden\phase1_6.mutation_success.projects.activities.delete.json
[legacy-contract] captured phase1_6.mutation_success.projects.tasks.create -> tests\fixtures\legacy-golden\phase1_6.mutation_success.projects.tasks.create.json
[legacy-contract] captured phase1_6.mutation_success.projects.tasks.update -> tests\fixtures\legacy-golden\phase1_6.mutation_success.projects.tasks.update.json
[legacy-contract] captured phase1_6.mutation_success.projects.tasks.delete -> tests\fixtures\legacy-golden\phase1_6.mutation_success.projects.tasks.delete.json
[legacy-contract] captured phase1_6.mutation_success.projects.tasks.reorder -> tests\fixtures\legacy-golden\phase1_6.mutation_success.projects.tasks.reorder.json
[legacy-contract] captured phase1_6.mutation_success.tasks.users.set -> tests\fixtures\legacy-golden\phase1_6.mutation_success.tasks.users.set.json
[legacy-contract] captured phase1_6.mutation_success.users.profile.update -> tests\fixtures\legacy-golden\phase1_6.mutation_success.users.profile.update.json
[legacy-contract] captured phase1_6.mutation_success.users.preferences.update -> tests\fixtures\legacy-golden\phase1_6.mutation_success.users.preferences.update.json
