
> build
> turbo run build

node.exe : ΓÇó turbo 2.9.6
At line:1 char:1
+ & "C:\Program Files\nodejs/node.exe" "C:\Users\sesso\AppData\Roaming\ ...
+ ~~~~~~~~~~~~~~~~~~~~~~~~~~~~~~~~~~~~~~~~~~~~~~~~~~~~~~~~~~~~~~~~~~~~~
    + CategoryInfo          : NotSpecified: (ΓÇó turbo 2.9.6:String) [], Remot 
   eException
    + FullyQualifiedErrorId : NativeCommandError
 

   ΓÇó Packages in scope: @silo/api, @silo/config, @silo/database, @silo/engine, @silo/web, @silo/worker
   ΓÇó Running build in 6 packages
   ΓÇó Remote caching disabled

@silo/engine:build: cache hit, replaying logs 6bf4c0bafd4ff106
@silo/engine:build: 
@silo/engine:build: > @silo/engine@0.1.0 build
@silo/engine:build: > tsc -p tsconfig.json
@silo/engine:build: 
@silo/database:build: cache hit, replaying logs aed53ee797785eb6
@silo/database:build: 
@silo/database:build: > @silo/database@0.1.0 build
@silo/database:build: > tsc -p tsconfig.json
@silo/database:build: 
@silo/worker:build: cache hit, replaying logs e1f1658c42620787
@silo/worker:build: 
@silo/worker:build: > @silo/worker@0.0.1 build
@silo/worker:build: > tsc
@silo/worker:build: 
@silo/api:build: cache hit, replaying logs 508e9716899df779
@silo/api:build: 
@silo/api:build: > @silo/api@0.0.1 build
@silo/api:build: > tsc
@silo/api:build: 
@silo/web:build: cache miss, executing c958c053c781450c
@silo/web:build: 
@silo/web:build: > build
@silo/web:build: > next build && node ./scripts/prepare-standalone-assets.mjs
@silo/web:build: 
@silo/web:build: Γû▓ Next.js 16.2.4 (Turbopack)
@silo/web:build: - Environments: .env
@silo/web:build: 
@silo/web:build:   Creating an optimized production build ...
@silo/web:build: Γ£ô Compiled successfully in 7.3s
@silo/web:build:   Running TypeScript ...
@silo/web:build:   Finished TypeScript in 8.1s ...
@silo/web:build:   Collecting page data using 15 workers ...
@silo/web:build:   Generating static pages using 15 workers (0/14) ...
@silo/web:build:   Generating static pages using 15 workers (3/14) 
@silo/web:build:   Generating static pages using 15 workers (6/14) 
@silo/web:build:   Generating static pages using 15 workers (10/14) 
@silo/web:build: Γ£ô Generating static pages using 15 workers (14/14) in 326ms
@silo/web:build:   Finalizing page optimization ...
@silo/web:build: 
@silo/web:build: Route (app)
@silo/web:build: Γöî ╞Æ /
@silo/web:build: Γö£ Γùï /_not-found
@silo/web:build: Γö£ ╞Æ /admin
@silo/web:build: Γö£ ╞Æ /admin/ai-assistant
@silo/web:build: Γö£ ╞Æ /admin/chat
@silo/web:build: Γö£ ╞Æ /admin/chat/groups
@silo/web:build: Γö£ ╞Æ /admin/chat/groups/[groupId]
@silo/web:build: Γö£ ╞Æ /admin/chat/users
@silo/web:build: Γö£ ╞Æ /admin/chat/users/[userId]
@silo/web:build: Γö£ ╞Æ /admin/contacts
@silo/web:build: Γö£ ╞Æ /admin/dashboard
@silo/web:build: Γö£ ╞Æ /admin/groups
@silo/web:build: Γö£ ╞Æ /admin/groups/users
@silo/web:build: Γö£ ╞Æ /admin/help
@silo/web:build: Γö£ ╞Æ /admin/monitoring
@silo/web:build: Γö£ ╞Æ /admin/products/[slug]
@silo/web:build: Γö£ ╞Æ /admin/products/[slug]/data-flow
@silo/web:build: Γö£ ╞Æ /admin/products/[slug]/problems
@silo/web:build: Γö£ ╞Æ /admin/projects
@silo/web:build: Γö£ ╞Æ /admin/projects/[projectId]
@silo/web:build: Γö£ ╞Æ /admin/projects/[projectId]/activities/[activityId]
@silo/web:build: Γö£ ╞Æ /admin/reports/[id]
@silo/web:build: Γö£ ╞Æ /admin/settings
@silo/web:build: Γö£ ╞Æ /admin/settings/products
@silo/web:build: Γö£ ╞Æ /admin/welcome
@silo/web:build: Γö£ Γùï /dashboard
@silo/web:build: Γö£ Γùï /error
@silo/web:build: Γö£ Γùï /forget-password
@silo/web:build: Γö£ ╞Æ /health
@silo/web:build: Γö£ Γùï /login
@silo/web:build: Γö£ Γùï /login-email
@silo/web:build: Γö£ Γùï /register
@silo/web:build: Γö£ Γùï /setup-password
@silo/web:build: Γö£ Γùï /tests/test-kanban
@silo/web:build: Γö£ Γùï /tests/test-menubuilder
@silo/web:build: Γö£ Γùï /tests/test-treeview
@silo/web:build: Γöö ╞Æ /uploads/[type]/[filename]
@silo/web:build: 
@silo/web:build: 
@silo/web:build: ╞Æ Proxy (Middleware)
@silo/web:build: 
@silo/web:build: Γùï  (Static)   prerendered as static content
@silo/web:build: ╞Æ  (Dynamic)  server-rendered on demand
@silo/web:build: 

 Tasks:    5 successful, 5 total
Cached:    4 cached, 5 total
  Time:    19.848s 

