
> test
> vitest run src/components/admin/users/user-form-offcanvas.test.tsx src/components/admin/users/user-delete-dialog.test.tsx


[1m[30m[46m RUN [49m[39m[22m [36mv4.1.7 [39m[90mD:/Projects/silo/silo-sessojunior/apps/web[39m

 [32mΓ£ô[39m src/components/admin/users/user-delete-dialog.test.tsx [2m([22m[2m1 test[22m[2m)[22m[32m 119[2mms[22m[39m
 [31mΓ¥»[39m src/components/admin/users/user-form-offcanvas.test.tsx [2m([22m[2m2 tests[22m[2m | [22m[31m2 failed[39m[2m)[22m[33m 2225[2mms[22m[39m
[31m     [31m├ù[31m creates a user through the JSON API contract[39m[33m 1133[2mms[22m[39m
[31m     [31m├ù[31m updates a user and can resend password setup[39m[33m 1089[2mms[22m[39m
node.exe : 
At line:1 char:1
+ & "C:\Program Files\nodejs/node.exe" "C:\Users\sesso\AppData\Roaming\ ...
+ ~~~~~~~~~~~~~~~~~~~~~~~~~~~~~~~~~~~~~~~~~~~~~~~~~~~~~~~~~~~~~~~~~~~~~
    + CategoryInfo          : NotSpecified: (:String) [], RemoteException
    + FullyQualifiedErrorId : NativeCommandError
 
[31mΓÄ»ΓÄ»ΓÄ»ΓÄ»ΓÄ»ΓÄ»ΓÄ»[39m[1m[41m Failed Tests 2 
[49m[22m[31mΓÄ»ΓÄ»ΓÄ»ΓÄ»ΓÄ»ΓÄ»ΓÄ»[39m

[41m[1m FAIL [22m[49m 
src/components/admin/users/user-form-offcanvas.test.tsx[2m > 
[22mUserFormOffcanvas[2m > [22mcreates a user through the JSON API contract
[31m[1mAssertionError[22m[39m: expected "vi.fn()" to be called 1 times, 
but got 0 times

Ignored nodes: comments, script, style
[36m<html>[39m
  [36m<head />[39m
  [36m<body>[39m
    [36m<div>[39m
      [36m<section[39m
        [33maria-label[39m=[32m"Novo Usu├írio"[39m
        [33mrole[39m=[32m"dialog"[39m
      [36m>[39m
        [36m<div>[39m
          [0mNovo Usu├írio[0m
        [36m</div>[39m
        [36m<div>[39m
          [36m<div[39m
            [33mclass[39m=[32m"flex flex-col gap-6"[39m
          [36m>[39m
            [36m<p[39m
              [33mclass[39m=[32m"text-sm text-zinc-600 
dark:text-zinc-400"[39m
            [36m>[39m
              [0mPreencha as informa├º├╡es do novo usu├írio.[0m
            [36m</p>[39m
            [36m<form[39m
              [33mclass[39m=[32m"space-y-6"[39m
              [33mid[39m=[32m"user-form"[39m
            [36m>[39m
              [36m<div>[39m
                [36m<label[39m
                  [33mclass[39m=[32m"block text-sm font-medium 
text-zinc-700 dark:text-zinc-300 mb-2"[39m
                [36m>[39m
                  [0mNome [0m
                  [36m<span[39m
                    [33mclass[39m=[32m"text-red-500"[39m
                  [36m>[39m
                    [0m*[0m
                  [36m</span>[39m
                [36m</label>[39m
                [36m<div[39m
                  [33mclass[39m=[32m"relative"[39m
                [36m>[39m
                  [36m<input[39m
                    [33mclass[39m=[32m"block w-full rounded-lg py-3 ps-4 
pe-10 border disabled:pointer-events-none disabled:opacity-50 border-zinc-200 
dark:border-zinc-700 dark:bg-zinc-900 dark:text-zinc-300 
dark:placeholder-zinc-500 dark:focus:ring-zinc-600 focus:border-blue-500 
focus:ring-blue-500"[39m
                    [33mplaceholder[39m=[32m"Digite o nome do usu├írio"[39m
                    [33mtype[39m=[32m"text"[39m
                    [33mvalue[39m=[32m"Novo Usu├írio"[39m
                  [36m/>[39m
                [36m</div>[39m
              [36m</div>[39m
              [36m<div>[39m
                [36m<label[39m
                  [33mclass[39m=[32m"block text-sm font-medium 
text-zinc-700 dark:text-zinc-300 mb-2"[39m
                [36m>[39m
                  [0mEmail [0m
                  [36m<span[39m
                    [33mclass[39m=[32m"text-red-500"[39m
                  [36m>[39m
                    [0m*[0m
                  [36m</span>[39m
                [36m</label>[39m
                [36m<div[39m
                  [33mclass[39m=[32m"relative"[39m
                [36m>[39m
                  [36m<input[39m
                    [33mclass[39m=[32m"block w-full rounded-lg py-3 ps-4 
pe-10 border disabled:pointer-events-none disabled:opacity-50 border-zinc-200 
dark:border-zinc-700 dark:bg-zinc-900 dark:text-zinc-300 
dark:placeholder-zinc-500 dark:focus:ring-zinc-600 focus:border-blue-500 
focus:ring-blue-500"[39m
                    [33mplaceholder[39m=[32m"Digite o email do 
usu├írio"[39m
                    [33mtype[39m=[32m"email"[39m
                    [33mvalue[39m=[32m"novo.usuario@inpe.br"[39m
                  [36m/>[39m
                [36m</div>[39m
              [36m</div>[39m
              [36m<div>[39m
                [36m<label[39m
                  [33mclass[39m=[32m"block text-sm font-medium 
text-zinc-700 dark:text-zinc-300 mb-2"[39m
                [36m>[39m
                  [0mGrupos [0m
                  [36m<span[39m
                    [33mclass[39m=[32m"text-red-500"[39m
                  [36m>[39m
                    [0m*[0m
                  [36m</span>[39m
                [36m</label>[39m
                [36m<div[39m
                  [33mclass[39m=[32m"max-h-64 overflow-y-auto border 
border-zinc-200 dark:border-zinc-700 rounded-lg p-1 pb-2"[39m
                [36m>[39m
                  [36m<div[39m
                    [33mclass[39m=[32m"flex items-center hover:bg-zinc-50 
dark:hover:bg-zinc-800 rounded-md py-1 px-2"[39m
                  [36m>[39m
                    [36m<input[39m
                      [33mclass[39m=[32m"h-4 w-4 text-blue-600 
border-zinc-300 rounded focus:ring-blue-500 dark:border-zinc-500 bg-white 
dark:bg-zinc-900"[39m
                      [33mid[39m=[32m"group-group-1"[39m
                      [33mtype[39m=[32m"checkbox"[39m
                    [36m/>[39m
                    [36m<div[39m
                      [33mclass[39m=[32m"flex items-center ml-3 gap-2"[39m
                    [36m>[39m
                      [36m<span[39m
                        [33mclass[39m=[32m"icon-[lucide--shield-check] 
size-4"[39m
                        [33mstyle[39m=[32m"color: rgb(37, 99, 235);"[39m
                      [36m/>[39m
                      [36m<label[39m
                        [33mclass[39m=[32m"text-sm font-medium 
text-zinc-700 dark:text-zinc-300 cursor-pointer"[39m
                        [33mfor[39m=[32m"group-group-1"[39m
                      [36m>[39m
                        [0mAdministradores[0m
                      [36m</label>[39m
                    [36m</div>[39m
                  [36m</div>[39m
                  [36m<div[39m
                    [33mclass[39m=[32m"flex items-center hover:bg-zinc-50 
dark:hover:bg-zinc-800 rounded-md py-1 px-2"[39m
                  [36m>[39m
                    [36m<input[39m
                      [33mclass[39m=[32m"h-4 w-4 text-blue-600 
border-zinc-300 rounded focus:ring-blue-500 dark:border-blue-500"[39m
                      [33mid[39m=[32m"group-group-2"[39m
                      [33mtype[39m=[32m"checkbox"[39m
                    [36m/>[39m
                    [36m<div[39m
                      [33mclass[39m=[32m"flex items-center ml-3 gap-2"[39m
                    [36m>[39m
                      [36m<span[39m
                        [33mclass[39m=[32m"icon-[lucide--users] size-4"[39m
                        [33mstyle[39m=[32m"color: rgb(124, 58, 237);"[39m
                      [36m/>[39m
                      [36m<label[39m
                        [33mclass[39m=[32m"text-sm font-medium 
text-zinc-700 dark:text-zinc-300 cursor-pointer"[39m
                        [33mfor[39m=[32m"group-group-2"[39m
                      [36m>[39m
                        [0mOpera├º├╡es[0m
                      [36m</label>[39m
                    [36m</div>[39m
                  [36m</div>[39m
                [36m</div>[39m
                [36m<p[39m
                  [33mclass[39m=[32m"text-xs text-zinc-600 
dark:text-zinc-400 mt-1"[39m
                [36m>[39m
                  [0m1[0m
                  [0m grupo[0m
                  [0m selecionado[0m
                [36m</p>[39m
              [36m</div>[39m
              [36m<div[39m
                [33mclass[39m=[32m"space-y-4"[39m
              [36m>[39m
                [36m<div[39m
                  [33mclass[39m=[32m"space-y-2"[39m
                [36m>[39m
                  [36m<div[39m
                    [33mclass[39m=[32m"flex items-center justify-between 
gap-3"[39m
                  [36m>[39m
                    [36m<label[39m
                      [33mclass[39m=[32m"flex-1"[39m
                      [33mfor[39m=[32m"emailVerified"[39m
                    [36m>[39m
                      [36m<h3[39m
                        [33mclass[39m=[32m"text-lg font-bold tracking-tight 
text-zinc-600 dark:text-zinc-200"[39m
                      [36m>[39m
                        [0mEmail Verificado[0m
                      [36m</h3>[39m
                      [36m<p[39m
                        [33mclass[39m=[32m"text-base text-zinc-400 
dark:text-zinc-600"[39m
                      [36m>[39m
                        [0mO email ser├í verificado automaticamente quando o 
usu├írio definir a senha via c├│digo OTP[0m
                      [36m</p>[39m
                    [36m</label>[39m
                    [36m<label[39m
                      [33mclass[39m=[32m"relative inline-block shrink-0 
cursor-pointer h-7 w-13"[39m
                      [33mfor[39m=[32m"emailVerified"[39m
                    [36m>[39m
                      [36m<input[39m
                        [33mclass[39m=[32m"peer sr-only"[39m
                        [33mdisabled[39m=[32m""[39m
                        [33mid[39m=[32m"emailVerified"[39m
                        [33mname[39m=[32m"emailVerified"[39m
                        [33mtype[39m=[32m"checkbox"[39m
                      [36m/>[39m
                      [36m<span[39m
                        [33mclass[39m=[32m"absolute inset-0 rounded-full 
transition-colors duration-200 ease-in-out bg-gray-200 
peer-checked:bg-blue-600 peer-disabled:pointer-events-none 
peer-disabled:opacity-60 peer-disabled:peer-checked:bg-blue-300 
dark:bg-zinc-700 dark:peer-checked:bg-blue-500 
dark:peer-disabled:peer-checked:bg-blue-400"[39m
                      [36m/>[39m
                      [36m<span[39m
                        [33mclass[39m=[32m"absolute start-0.5 top-1/2 
-translate-y-1/2 rounded-full bg-white shadow-xs transition-transform 
duration-200 ease-in-out peer-checked:translate-x-full dark:bg-zinc-400 
dark:peer-checked:bg-white size-6"[39m
                      [36m/>[39m
                    [36m</label>[39m
                  [36m</div>[39m
                [36m</div>[39m
                [36m<div[39m
                  [33mclass[39m=[32m"space-y-2"[39m
                [36m>[39m
                  [36m<div[39m
                    [33mclass[39m=[32m"flex items-center justify-between 
gap-3"[39m
                  [36m>[39m
                    [36m<label[39m
                      [33mclass[39m=[32m"flex-1"[39m
                      [33mfor[39m=[32m"isActive"[39m
                    [36m>[39m
                      [36m<h3[39m
                        [33mclass[39m=[32m"text-lg font-bold tracking-tight 
text-zinc-600 dark:text-zinc-200"[39m
                      [36m>[39m
                        [0mUsu├írio Ativo[0m
                      [36m</h3>[39m
                      [36m<p[39m
                        [33mclass[39m=[32m"text-base text-zinc-400 
dark:text-zinc-600"[39m
                      [36m>[39m
                        [0mUsu├írios inativos n├úo conseguem fazer login[0m
                      [36m</p>[39m
                    [36m</label>[39m
                    [36m<label[39m
                      [33mclass[39m=[32m"relative inline-block shrink-0 
cursor-pointer h-7 w-13"[39m
                      [33mfor[39m=[32m"isActive"[39m
                    [36m>[39m
                      [36m<input[39m
                        [33mchecked[39m=[32m""[39m
                        [33mclass[39m=[32m"peer sr-only"[39m
                        [33mid[39m=[32m"isActive"[39m
                        [33mname[39m=[32m"isActive"[39m
                        [33mtype[39m=[32m"checkbox"[39m
                      [36m/>[39m
                      [36m<span[39m
                        [33mclass[39m=[32m"absolute inset-0 rounded-full 
transition-colors duration-200 ease-in-out bg-gray-200 
peer-checked:bg-blue-600 peer-disabled:pointer-events-none 
peer-disabled:opacity-60 peer-disabled:peer-checked:bg-blue-300 
dark:bg-zinc-700 dark:peer-checked:bg-blue-500 
dark:peer-disabled:peer-checked:bg-blue-400"[39m
                      [36m/>[39m
                      [36m<span[39m
                        [33mclass[39m=[32m"absolute start-0.5 top-1/2 
-translate-y-1/2 rounded-full bg-white shadow-xs transition-transform 
duration-200 ease-in-out peer-checked:translate-x-full dark:bg-zinc-400 
dark:peer-checked:bg-white size-6"[39m
                      [36m/>[39m
                    [36m</label>[39m
                  [36m</div>[39m
                [36m</div>[39m
              [36m</div>[39m
            [36m</form>[39m
          [36m</div>[39m
        [36m</div>[39m
        [36m<div>[39m
          [36m<button[39m
            [33mclass[39m=[32m"inline-flex items-center justify-center 
gap-x-1 rounded-lg border border-zinc-200 bg-white px-4 py-3 font-medium 
shadow-xs text-zinc-800 hover:bg-zinc-50 focus:bg-zinc-50 focus:outline-none 
disabled:pointer-events-none disabled:opacity-50 dark:border-zinc-700 
dark:bg-zinc-900 dark:text-zinc-200 dark:hover:bg-zinc-800 
dark:focus:bg-zinc-800 transition-all duration-500"[39m
            [33mtype[39m=[32m"button"[39m
          [36m>[39m
            [0mCancelar[0m
          [36m</button>[39m
          [36m<button[39m
            [33mclass[39m=[32m"inline-flex items-center justify-center 
gap-x-1 rounded-lg border border-transparent bg-blue-600 px-4 py-3 font-medium 
text-white hover:bg-blue-700 focus:bg-blue-700 focus:outline-none 
disabled:pointer-events-none disabled:opacity-50 transition-all 
duration-500"[39m
            [33mform[39m=[32m"user-form"[39m
            [33mtype[39m=[32m"submit"[39m
          [36m>[39m
            [36m<span[39m
              [33mclass[39m=[32m"icon-[lucide--plus] size-4"[39m
            [36m/>[39m
            [0mCriar[0m
            [0m usu├írio[0m
          [36m</button>[39m
        [36m</div>[39m
        [36m<button[39m
          [33mtype[39m=[32m"button"[39m
        [36m>[39m
          [0mClose[0m
        [36m</button>[39m
      [36m</section>[39m
    [36m</div>[39m
  [36m</body>[39m
[36m</html>[39m
[36m [2mΓ¥»[22m 
src/components/admin/users/user-form-offcanvas.test.tsx:[2m257:25[22m[39m
    [90m255|[39m
    [90m256|[39m     [35mawait[39m [34mwaitFor[39m(() [33m=>[39m {
    [90m257|[39m       [34mexpect[39m(onSuccess)[33m.[39m[34mtoHaveBeenC
alledTimes[39m([34m1[39m)[33m;[39m
    [90m   |[39m                         [31m^[39m
    [90m258|[39m     })[33m;[39m
    [90m259|[39m     [34mexpect[39m(onClose)[33m.[39mnot[33m.[39m[34mt
oHaveBeenCalled[39m()[33m;[39m
[90m [2mΓ¥»[22m runWithExpensiveErrorDiagnosticsDisabled 
../../node_modules/@testing-library/dom/dist/config.js:[2m47:12[22m[39m
[90m [2mΓ¥»[22m checkCallback 
../../node_modules/@testing-library/dom/dist/wait-for.js:[2m124:77[22m[39m
[90m [2mΓ¥»[22m Timeout.checkRealTimersCallback 
../../node_modules/@testing-library/dom/dist/wait-for.js:[2m118:16[22m[39m

[31m[2mΓÄ»ΓÄ»ΓÄ»ΓÄ»ΓÄ»ΓÄ»ΓÄ»ΓÄ»ΓÄ»ΓÄ»ΓÄ»ΓÄ»ΓÄ»ΓÄ»ΓÄ»ΓÄ»ΓÄ»ΓÄ»ΓÄ»ΓÄ»ΓÄ»ΓÄ»ΓÄ»Γ
Ä»[1/2]ΓÄ»[22m[39m

[41m[1m FAIL [22m[49m 
src/components/admin/users/user-form-offcanvas.test.tsx[2m > 
[22mUserFormOffcanvas[2m > [22mupdates a user and can resend password setup
[31m[1mAssertionError[22m[39m: expected "vi.fn()" to be called 1 times, 
but got 0 times

Ignored nodes: comments, script, style
[36m<html>[39m
  [36m<head />[39m
  [36m<body>[39m
    [36m<div>[39m
      [36m<section[39m
        [33maria-label[39m=[32m"Editar Usu├írio"[39m
        [33mrole[39m=[32m"dialog"[39m
      [36m>[39m
        [36m<div>[39m
          [0mEditar Usu├írio[0m
        [36m</div>[39m
        [36m<div>[39m
          [36m<div[39m
            [33mclass[39m=[32m"flex flex-col gap-6"[39m
          [36m>[39m
            [36m<p[39m
              [33mclass[39m=[32m"text-sm text-zinc-600 
dark:text-zinc-400"[39m
            [36m>[39m
              [0mEdite as informa├º├╡es do usu├írio abaixo.[0m
            [36m</p>[39m
            [36m<form[39m
              [33mclass[39m=[32m"space-y-6"[39m
              [33mid[39m=[32m"user-form"[39m
            [36m>[39m
              [36m<div>[39m
                [36m<label[39m
                  [33mclass[39m=[32m"block text-sm font-medium 
text-zinc-700 dark:text-zinc-300 mb-2"[39m
                [36m>[39m
                  [0mNome [0m
                  [36m<span[39m
                    [33mclass[39m=[32m"text-red-500"[39m
                  [36m>[39m
                    [0m*[0m
                  [36m</span>[39m
                [36m</label>[39m
                [36m<div[39m
                  [33mclass[39m=[32m"relative"[39m
                [36m>[39m
                  [36m<input[39m
                    [33mclass[39m=[32m"block w-full rounded-lg py-3 ps-4 
pe-10 border disabled:pointer-events-none disabled:opacity-50 border-zinc-200 
dark:border-zinc-700 dark:bg-zinc-900 dark:text-zinc-300 
dark:placeholder-zinc-500 dark:focus:ring-zinc-600 focus:border-blue-500 
focus:ring-blue-500"[39m
                    [33mplaceholder[39m=[32m"Digite o nome do usu├írio"[39m
                    [33mtype[39m=[32m"text"[39m
                    [33mvalue[39m=[32m"Usu├írio Alfa Atualizado"[39m
                  [36m/>[39m
                [36m</div>[39m
              [36m</div>[39m
              [36m<div>[39m
                [36m<label[39m
                  [33mclass[39m=[32m"block text-sm font-medium 
text-zinc-700 dark:text-zinc-300 mb-2"[39m
                [36m>[39m
                  [0mEmail [0m
                  [36m<span[39m
                    [33mclass[39m=[32m"text-red-500"[39m
                  [36m>[39m
                    [0m*[0m
                  [36m</span>[39m
                [36m</label>[39m
                [36m<div[39m
                  [33mclass[39m=[32m"relative"[39m
                [36m>[39m
                  [36m<input[39m
                    [33mclass[39m=[32m"block w-full rounded-lg py-3 ps-4 
pe-10 border disabled:pointer-events-none disabled:opacity-50 border-zinc-200 
dark:border-zinc-700 dark:bg-zinc-900 dark:text-zinc-300 
dark:placeholder-zinc-500 dark:focus:ring-zinc-600 focus:border-blue-500 
focus:ring-blue-500"[39m
                    [33mplaceholder[39m=[32m"Digite o email do 
usu├írio"[39m
                    [33mtype[39m=[32m"email"[39m
                    [33mvalue[39m=[32m"alfa@inpe.br"[39m
                  [36m/>[39m
                [36m</div>[39m
              [36m</div>[39m
              [36m<div>[39m
                [36m<label[39m
                  [33mclass[39m=[32m"block text-sm font-medium 
text-zinc-700 dark:text-zinc-300 mb-2"[39m
                [36m>[39m
                  [0mGrupos [0m
                  [36m<span[39m
                    [33mclass[39m=[32m"text-red-500"[39m
                  [36m>[39m
                    [0m*[0m
                  [36m</span>[39m
                [36m</label>[39m
                [36m<div[39m
                  [33mclass[39m=[32m"max-h-64 overflow-y-auto border 
border-zinc-200 dark:border-zinc-700 rounded-lg p-1 pb-2"[39m
                [36m>[39m
                  [36m<div[39m
                    [33mclass[39m=[32m"flex items-center hover:bg-zinc-50 
dark:hover:bg-zinc-800 rounded-md py-1 px-2"[39m
                  [36m>[39m
                    [36m<input[39m
                      [33mclass[39m=[32m"h-4 w-4 text-blue-600 
border-zinc-300 rounded focus:ring-blue-500 dark:border-blue-500"[39m
                      [33mid[39m=[32m"group-group-1"[39m
                      [33mtype[39m=[32m"checkbox"[39m
                    [36m/>[39m
                    [36m<div[39m
                      [33mclass[39m=[32m"flex items-center ml-3 gap-2"[39m
                    [36m>[39m
                      [36m<span[39m
                        [33mclass[39m=[32m"icon-[lucide--shield-check] 
size-4"[39m
                        [33mstyle[39m=[32m"color: rgb(37, 99, 235);"[39m
                      [36m/>[39m
                      [36m<label[39m
                        [33mclass[39m=[32m"text-sm font-medium 
text-zinc-700 dark:text-zinc-300 cursor-pointer"[39m
                        [33mfor[39m=[32m"group-group-1"[39m
                      [36m>[39m
                        [0mAdministradores[0m
                      [36m</label>[39m
                    [36m</div>[39m
                  [36m</div>[39m
                  [36m<div[39m
                    [33mclass[39m=[32m"flex items-center hover:bg-zinc-50 
dark:hover:bg-zinc-800 rounded-md py-1 px-2"[39m
                  [36m>[39m
                    [36m<input[39m
                      [33mclass[39m=[32m"h-4 w-4 text-blue-600 
border-zinc-300 rounded focus:ring-blue-500 dark:border-zinc-500 bg-white 
dark:bg-zinc-900"[39m
                      [33mid[39m=[32m"group-group-2"[39m
                      [33mtype[39m=[32m"checkbox"[39m
                    [36m/>[39m
                    [36m<div[39m
                      [33mclass[39m=[32m"flex items-center ml-3 gap-2"[39m
                    [36m>[39m
                      [36m<span[39m
                        [33mclass[39m=[32m"icon-[lucide--users] size-4"[39m
                        [33mstyle[39m=[32m"color: rgb(124, 58, 237);"[39m
                      [36m/>[39m
                      [36m<label[39m
                        [33mclass[39m=[32m"text-sm font-medium 
text-zinc-700 dark:text-zinc-300 cursor-pointer"[39m
                        [33mfor[39m=[32m"group-group-2"[39m
                      [36m>[39m
                        [0mOpera├º├╡es[0m
                      [36m</label>[39m
                    [36m</div>[39m
                  [36m</div>[39m
                [36m</div>[39m
                [36m<p[39m
                  [33mclass[39m=[32m"text-xs text-zinc-600 
dark:text-zinc-400 mt-1"[39m
                [36m>[39m
                  [0m1[0m
                  [0m grupo[0m
                  [0m selecionado[0m
                [36m</p>[39m
              [36m</div>[39m
              [36m<div[39m
                [33mclass[39m=[32m"space-y-4"[39m
              [36m>[39m
                [36m<div[39m
                  [33mclass[39m=[32m"space-y-2"[39m
                [36m>[39m
                  [36m<div[39m
                    [33mclass[39m=[32m"flex items-center justify-between 
gap-3"[39m
                  [36m>[39m
                    [36m<label[39m
                      [33mclass[39m=[32m"flex-1"[39m
                      [33mfor[39m=[32m"emailVerified"[39m
                    [36m>[39m
                      [36m<h3[39m
                        [33mclass[39m=[32m"text-lg font-bold tracking-tight 
text-zinc-600 dark:text-zinc-200"[39m
                      [36m>[39m
                        [0mEmail Verificado[0m
                      [36m</h3>[39m
                      [36m<p[39m
                        [33mclass[39m=[32m"text-base text-zinc-400 
dark:text-zinc-600"[39m
                      [36m>[39m
                        [0mMarque se o email do usu├írio foi verificado[0m
                      [36m</p>[39m
                    [36m</label>[39m
                    [36m<label[39m
                      [33mclass[39m=[32m"relative inline-block shrink-0 
cursor-pointer h-7 w-13"[39m
                      [33mfor[39m=[32m"emailVerified"[39m
                    [36m>[39m
                      [36m<input[39m
                        [33mclass[39m=[32m"peer sr-only"[39m
                        [33mid[39m=[32m"emailVerified"[39m
                        [33mname[39m=[32m"emailVerified"[39m
                        [33mtype[39m=[32m"checkbox"[39m
                      [36m/>[39m
                      [36m<span[39m
                        [33mclass[39m=[32m"absolute inset-0 rounded-full 
transition-colors duration-200 ease-in-out bg-gray-200 
peer-checked:bg-blue-600 peer-disabled:pointer-events-none 
peer-disabled:opacity-60 peer-disabled:peer-checked:bg-blue-300 
dark:bg-zinc-700 dark:peer-checked:bg-blue-500 
dark:peer-disabled:peer-checked:bg-blue-400"[39m
                      [36m/>[39m
                      [36m<span[39m
                        [33mclass[39m=[32m"absolute start-0.5 top-1/2 
-translate-y-1/2 rounded-full bg-white shadow-xs transition-transform 
duration-200 ease-in-out peer-checked:translate-x-full dark:bg-zinc-400 
dark:peer-checked:bg-white size-6"[39m
                      [36m/>[39m
                    [36m</label>[39m
                  [36m</div>[39m
                [36m</div>[39m
                [36m<div[39m
                  [33mclass[39m=[32m"space-y-2"[39m
                [36m>[39m
                  [36m<div[39m
                    [33mclass[39m=[32m"flex items-center justify-between 
gap-3"[39m
                  [36m>[39m
                    [36m<label[39m
                      [33mclass[39m=[32m"flex-1"[39m
                      [33mfor[39m=[32m"isActive"[39m
                    [36m>[39m
                      [36m<h3[39m
                        [33mclass[39m=[32m"text-lg font-bold tracking-tight 
text-zinc-600 dark:text-zinc-200"[39m
                      [36m>[39m
                        [0mUsu├írio Ativo[0m
                      [36m</h3>[39m
                      [36m<p[39m
                        [33mclass[39m=[32m"text-base text-zinc-400 
dark:text-zinc-600"[39m
                      [36m>[39m
                        [0mUsu├írios inativos n├úo conseguem fazer login[0m

[2m Test Files [22m [1m[31m1 failed[39m[22m[2m | [22m[1m[32m1 passed[39m[22m[90m (2)[39m
[2m      Tests [22m [1m[31m2 failed[39m[22m[2m | [22m[1m[32m1 passed[39m[22m[90m (3)[39m
[2m   Start at [22m 14:32:45
[2m   Duration [22m 3.84s[2m (transform 363ms, setup 417ms, import 983ms, tests 2.34s, environment 1.38s)[22m

                      [36m</p>[39m
                    [36m</label>[39m
                    [36m<label[39m
                      [33mclass[39m=[32m"relative inline-block shrink-0 
cursor-pointer h-7 w-13"[39m
                      [33mfor[39m=[32m"isActive"[39m
                    [36m>[39m
                      [36m<input[39m
                        [33mchecked[39m=[32m""[39m
                        [33mclass[39m=[32m"peer sr-only"[39m
                        [33mid[39m=[32m"isActive"[39m
                        [33mname[39m=[32m"isActive"[39m
                        [33mtype[39m=[32m"checkbox"[39m
                      [36m/>[39m
                      [36m<span[39m
                        [33mclass[39m=[32m"absolute inset-0 rounded-full 
transition-colors duration-200 ease-in-out bg-gray-200 
peer-checked:bg-blue-600 peer-disabled:pointer-events-none 
peer-disabled:opacity-60 peer-disabled:peer-checked:bg-blue-300 
dark:bg-zinc-700 dark:peer-checked:bg-blue-500 
dark:peer-disabled:peer-checked:bg-blue-400"[39m
                      [36m/>[39m
                      [36m<span[39m
                        [33mclass[39m=[32m"absolute start-0.5 top-1/2 
-translate-y-1/2 rounded-full bg-white shadow-xs transition-transform 
duration-200 ease-in-out peer-checked:translate-x-full dark:bg-zinc-400 
dark:peer-checked:bg-white size-6"[39m
                      [36m/>[39m
                    [36m</label>[39m
                  [36m</div>[39m
                [36m</div>[39m
              [36m</div>[39m
              [36m<div>[39m
                [36m<div[39m
                  [33mclass[39m=[32m"bg-amber-50 dark:bg-amber-900/20 
border border-amber-200 dark:border-amber-800 rounded-lg p-4"[39m
                [36m>[39m
                  [36m<div[39m
                    [33mclass[39m=[32m"flex items-start gap-3"[39m
                  [36m>[39m
                    [36m<span[39m
                      [33mclass[39m=[32m"icon-[lucide--key] size-5 
text-amber-600 dark:text-amber-400 shrink-0 mt-0.5"[39m
                    [36m/>[39m
                    [36m<div[39m
                      [33mclass[39m=[32m"flex-1"[39m
                    [36m>[39m
                      [36m<h3[39m
                        [33mclass[39m=[32m"text-base font-medium 
text-amber-600 dark:text-amber-200 mb-1"[39m
                      [36m>[39m
                        [0mSenha n├úo definida[0m
                      [36m</h3>[39m
                      [36m<p[39m
                        [33mclass[39m=[32m"text-sm text-amber-600 
dark:text-amber-300 mb-3"[39m
                      [36m>[39m
                        [0mEste usu├írio ainda n├úo definiu a senha inicial. 
Se o c├│digo OTP expirou, voc├¬ pode reenviar o email.[0m
                      [36m</p>[39m
                      [36m<button[39m
                        [33mclass[39m=[32m"inline-flex items-center 
justify-center rounded-lg border border-transparent font-medium 
focus:bg-blue-700 focus:outline-none disabled:pointer-events-none 
disabled:opacity-50 transition-all duration-500 bg-amber-600 
hover:bg-amber-700 text-sm text-white px-4 py-2 gap-2"[39m
                        [33mtype[39m=[32m"button"[39m
                      [36m>[39m
                        [36m<span[39m
                          [33mclass[39m=[32m"icon-[lucide--mail] 
size-4"[39m
                        [36m/>[39m
                        [0mReenviar email para definir senha[0m
                      [36m</button>[39m
                    [36m</div>[39m
                  [36m</div>[39m
                [36m</div>[39m
              [36m</div>[39m
            [36m</form>[39m
          [36m</div>[39m
        [36m</div>[39m
        [36m<div>[39m
          [36m<button[39m
            [33mclass[39m=[32m"inline-flex items-center justify-center 
gap-x-1 rounded-lg border border-zinc-200 bg-white px-4 py-3 font-medium 
shadow-xs text-zinc-800 hover:bg-zinc-50 focus:bg-zinc-50 focus:outline-none 
disabled:pointer-events-none disabled:opacity-50 dark:border-zinc-700 
dark:bg-zinc-900 dark:text-zinc-200 dark:hover:bg-zinc-800 
dark:focus:bg-zinc-800 transition-all duration-500"[39m
            [33mtype[39m=[32m"button"[39m
          [36m>[39m
            [0mCancelar[0m
          [36m</button>[39m
          [36m<button[39m
            [33mclass[39m=[32m"inline-flex items-center justify-center 
gap-x-1 rounded-lg border border-transparent bg-blue-600 px-4 py-3 font-medium 
text-white hover:bg-blue-700 focus:bg-blue-700 focus:outline-none 
disabled:pointer-events-none disabled:opacity-50 transition-all 
duration-500"[39m
            [33mform[39m=[32m"user-form"[39m
            [33mtype[39m=[32m"submit"[39m
          [36m>[39m
            [36m<span[39m
              [33mclass[39m=[32m"icon-[lucide--save] size-4"[39m
            [36m/>[39m
            [0mAtualizar[0m
            [0m usu├írio[0m
          [36m</button>[39m
        [36m</div>[39m
        [36m<button[39m
          [33mtype[39m=[32m"button"[39m
        [36m>[39m
          [0mClose[0m
        [36m</button>[39m
      [36m</section>[39m
    [36m</div>[39m
  [36m</body>[39m
[36m</html>[39m
[36m [2mΓ¥»[22m 
src/components/admin/users/user-form-offcanvas.test.tsx:[2m308:25[22m[39m
    [90m306|[39m
    [90m307|[39m     [35mawait[39m [34mwaitFor[39m(() [33m=>[39m {
    [90m308|[39m       [34mexpect[39m(onSuccess)[33m.[39m[34mtoHaveBeenC
alledTimes[39m([34m1[39m)[33m;[39m
    [90m   |[39m                         [31m^[39m
    [90m309|[39m     })[33m;[39m
    [90m310|[39m     [34mexpect[39m(onClose)[33m.[39mnot[33m.[39m[34mt
oHaveBeenCalled[39m()[33m;[39m
[90m [2mΓ¥»[22m runWithExpensiveErrorDiagnosticsDisabled 
../../node_modules/@testing-library/dom/dist/config.js:[2m47:12[22m[39m
[90m [2mΓ¥»[22m checkCallback 
../../node_modules/@testing-library/dom/dist/wait-for.js:[2m124:77[22m[39m
[90m [2mΓ¥»[22m Timeout.checkRealTimersCallback 
../../node_modules/@testing-library/dom/dist/wait-for.js:[2m118:16[22m[39m

[31m[2mΓÄ»ΓÄ»ΓÄ»ΓÄ»ΓÄ»ΓÄ»ΓÄ»ΓÄ»ΓÄ»ΓÄ»ΓÄ»ΓÄ»ΓÄ»ΓÄ»ΓÄ»ΓÄ»ΓÄ»ΓÄ»ΓÄ»ΓÄ»ΓÄ»ΓÄ»ΓÄ»Γ
Ä»[2/2]ΓÄ»[22m[39m

npm error Lifecycle script `test` failed with error:
npm error code 1
npm error path D:\Projects\silo\silo-sessojunior\apps\web
npm error workspace @silo/web
npm error location D:\Projects\silo\silo-sessojunior\apps\web
npm error command failed
npm error command C:\Windows\system32\cmd.exe /d /s /c vitest run 
src/components/admin/users/user-form-offcanvas.test.tsx 
src/components/admin/users/user-delete-dialog.test.tsx
