[SILO_CONTRACT] determinism installed now=2026-07-21T15:00:00.000Z tz=America/Sao_Paulo
[SILO_CONTRACT] determinism installed now=2026-07-21T15:00:00.000Z tz=America/Sao_Paulo
[SILO_CONTRACT] determinism installed now=2026-07-21T15:00:00.000Z tz=America/Sao_Paulo
[KAFKA-REST] error processing message (attempt 1) DrizzleQueryError: Failed query: insert into "kafka_processed_messages" ("topic", "message_id", "handler", "processed_at") values ($1, $2, $3, default)
params: model.phase1_18,phase1-18-model-append,modelHandler
    at NodePgPreparedQuery.queryWithCache (D:\Projects\silo\silo-sessojunior\node_modules\src\pg-core\session.ts:73:11)
    at process.processTicksAndRejections (node:internal/process/task_queues:104:5)
    at async <anonymous> (D:\Projects\silo\silo-sessojunior\apps\worker\src\processor.ts:111:11)
    ... 2 lines matching cause stack trace ...
    at async main (D:\Projects\silo\silo-sessojunior\tests\contracts\legacy\capture-worker-kafka-contract.mjs:349:7) {
  query: 'insert into "kafka_processed_messages" ("topic", "message_id", "handler", "processed_at") values ($1, $2, $3, default)',
  params: [ 'model.phase1_18', 'phase1-18-model-append', 'modelHandler' ],
  cause: error: duplicate key value violates unique constraint "unique_kafka_processed_message"
      at D:\Projects\silo\silo-sessojunior\node_modules\pg\lib\client.js:624:17
      at process.processTicksAndRejections (node:internal/process/task_queues:104:5)
      at async <anonymous> (D:\Projects\silo\silo-sessojunior\node_modules\src\node-postgres\session.ts:149:14)
      at async NodePgPreparedQuery.queryWithCache (D:\Projects\silo\silo-sessojunior\node_modules\src\pg-core\session.ts:71:12)
      at async <anonymous> (D:\Projects\silo\silo-sessojunior\apps\worker\src\processor.ts:111:11)
      at async NodePgSession.transaction (D:\Projects\silo\silo-sessojunior\node_modules\src\node-postgres\session.ts:259:19)
      at async processRecord (D:\Projects\silo\silo-sessojunior\apps\worker\src\processor.ts:109:7)
      at async main (D:\Projects\silo\silo-sessojunior\tests\contracts\legacy\capture-worker-kafka-contract.mjs:349:7) {
    length: 292,
    severity: 'ERROR',
    code: '23505',
    detail: 'Key (topic, message_id)=(model.phase1_18, phase1-18-model-append) already exists.',
    hint: undefined,
    position: undefined,
    internalPosition: undefined,
    internalQuery: undefined,
    where: undefined,
    schema: 'public',
    table: 'kafka_processed_messages',
    column: undefined,
    dataType: undefined,
    constraint: 'unique_kafka_processed_message',
    file: 'nbtinsert.c',
    line: '666',
    routine: '_bt_check_unique'
  }
}
[KAFKA-REST] error processing message (attempt 2) DrizzleQueryError: Failed query: insert into "kafka_processed_messages" ("topic", "message_id", "handler", "processed_at") values ($1, $2, $3, default)
params: model.phase1_18,phase1-18-model-append,modelHandler
    at NodePgPreparedQuery.queryWithCache (D:\Projects\silo\silo-sessojunior\node_modules\src\pg-core\session.ts:73:11)
    at process.processTicksAndRejections (node:internal/process/task_queues:104:5)
    at async <anonymous> (D:\Projects\silo\silo-sessojunior\apps\worker\src\processor.ts:111:11)
    ... 2 lines matching cause stack trace ...
    at async main (D:\Projects\silo\silo-sessojunior\tests\contracts\legacy\capture-worker-kafka-contract.mjs:349:7) {
  query: 'insert into "kafka_processed_messages" ("topic", "message_id", "handler", "processed_at") values ($1, $2, $3, default)',
  params: [ 'model.phase1_18', 'phase1-18-model-append', 'modelHandler' ],
  cause: error: duplicate key value violates unique constraint "unique_kafka_processed_message"
      at D:\Projects\silo\silo-sessojunior\node_modules\pg\lib\client.js:624:17
      at process.processTicksAndRejections (node:internal/process/task_queues:104:5)
      at async <anonymous> (D:\Projects\silo\silo-sessojunior\node_modules\src\node-postgres\session.ts:149:14)
      at async NodePgPreparedQuery.queryWithCache (D:\Projects\silo\silo-sessojunior\node_modules\src\pg-core\session.ts:71:12)
      at async <anonymous> (D:\Projects\silo\silo-sessojunior\apps\worker\src\processor.ts:111:11)
      at async NodePgSession.transaction (D:\Projects\silo\silo-sessojunior\node_modules\src\node-postgres\session.ts:259:19)
      at async processRecord (D:\Projects\silo\silo-sessojunior\apps\worker\src\processor.ts:109:7)
      at async main (D:\Projects\silo\silo-sessojunior\tests\contracts\legacy\capture-worker-kafka-contract.mjs:349:7) {
    length: 292,
    severity: 'ERROR',
    code: '23505',
    detail: 'Key (topic, message_id)=(model.phase1_18, phase1-18-model-append) already exists.',
    hint: undefined,
    position: undefined,
    internalPosition: undefined,
    internalQuery: undefined,
    where: undefined,
    schema: 'public',
    table: 'kafka_processed_messages',
    column: undefined,
    dataType: undefined,
    constraint: 'unique_kafka_processed_message',
    file: 'nbtinsert.c',
    line: '666',
    routine: '_bt_check_unique'
  }
}
[KAFKA-REST] invalid JSON payload SyntaxError: Expected property name or '}' in JSON at position 1 (line 1 column 2)
    at JSON.parse (<anonymous>)
    at processRecord (D:\Projects\silo\silo-sessojunior\apps\worker\src\processor.ts:77:37)
    at main (D:\Projects\silo\silo-sessojunior\tests\contracts\legacy\capture-worker-kafka-contract.mjs:349:13)
    at process.processTicksAndRejections (node:internal/process/task_queues:104:5)
[KAFKA-REST] invalid JSON payload, sending to DLQ model.phase1_18
[KAFKA-REST] message without message_id/source.messageId, sending to DLQ model.phase1_18
