[legacy-contract] captured phase1_6.mutation_authz.post.api.ai.assistant.threads.unauthenticated -> tests\fixtures\legacy-golden\phase1_6.mutation_authz.post.api.ai.assistant.threads.unauthenticated.json
[legacy-contract] captured phase1_6.mutation_authz.post.api.ai.assistant.threads.no_permission -> tests\fixtures\legacy-golden\phase1_6.mutation_authz.post.api.ai.assistant.threads.no_permission.json
[legacy-contract] captured phase1_6.mutation_authz.post.api.ai.assistant.messages.unauthenticated -> tests\fixtures\legacy-golden\phase1_6.mutation_authz.post.api.ai.assistant.messages.unauthenticated.json
[legacy-contract] captured phase1_6.mutation_authz.post.api.ai.assistant.messages.no_permission -> tests\fixtures\legacy-golden\phase1_6.mutation_authz.post.api.ai.assistant.messages.no_permission.json
[legacy-contract] captured phase1_6.mutation_authz.delete.api.ai.assistant.threads.10000000.0000.4000.8000.000000000104.messages.10000000.0000.4000.8000.000000000106.unauthenticated -> tests\fixtures\legacy-golden\phase1_6.mutation_authz.delete.api.ai.assistant.threads.10000000.0000.4000.8000.000000000104.messages.10000000.0000.4000.8000.000000000106.unauthenticated.json
[legacy-contract] captured phase1_6.mutation_authz.delete.api.ai.assistant.threads.10000000.0000.4000.8000.000000000104.messages.10000000.0000.4000.8000.000000000106.no_permission -> tests\fixtures\legacy-golden\phase1_6.mutation_authz.delete.api.ai.assistant.threads.10000000.0000.4000.8000.000000000104.messages.10000000.0000.4000.8000.000000000106.no_permission.json
[legacy-contract] captured phase1_6.mutation_authz.delete.api.ai.assistant.threads.10000000.0000.4000.8000.000000000104.unauthenticated -> tests\fixtures\legacy-golden\phase1_6.mutation_authz.delete.api.ai.assistant.threads.10000000.0000.4000.8000.000000000104.unauthenticated.json
[legacy-contract] captured phase1_6.mutation_authz.delete.api.ai.assistant.threads.10000000.0000.4000.8000.000000000104.no_permission -> tests\fixtures\legacy-golden\phase1_6.mutation_authz.delete.api.ai.assistant.threads.10000000.0000.4000.8000.000000000104.no_permission.json
[legacy-contract] captured phase1_6.mutation_authz.post.api.contacts.unauthenticated -> tests\fixtures\legacy-golden\phase1_6.mutation_authz.post.api.contacts.unauthenticated.json
[legacy-contract] captured phase1_6.mutation_authz.post.api.contacts.no_permission -> tests\fixtures\legacy-golden\phase1_6.mutation_authz.post.api.contacts.no_permission.json
[legacy-contract] captured phase1_6.mutation_authz.put.api.contacts.unauthenticated -> tests\fixtures\legacy-golden\phase1_6.mutation_authz.put.api.contacts.unauthenticated.json
[legacy-contract] captured phase1_6.mutation_authz.put.api.contacts.no_permission -> tests\fixtures\legacy-golden\phase1_6.mutation_authz.put.api.contacts.no_permission.json
[legacy-contract] captured phase1_6.mutation_authz.delete.api.contacts.unauthenticated -> tests\fixtures\legacy-golden\phase1_6.mutation_authz.delete.api.contacts.unauthenticated.json
[legacy-contract] captured phase1_6.mutation_authz.delete.api.contacts.no_permission -> tests\fixtures\legacy-golden\phase1_6.mutation_authz.delete.api.contacts.no_permission.json
[legacy-contract] captured phase1_6.mutation_authz.post.api.chat.messages.unauthenticated -> tests\fixtures\legacy-golden\phase1_6.mutation_authz.post.api.chat.messages.unauthenticated.json
[legacy-contract] captured phase1_6.mutation_authz.post.api.chat.messages.no_permission -> tests\fixtures\legacy-golden\phase1_6.mutation_authz.post.api.chat.messages.no_permission.json
[legacy-contract] captured phase1_6.mutation_authz.post.api.chat.messages.read.unauthenticated -> tests\fixtures\legacy-golden\phase1_6.mutation_authz.post.api.chat.messages.read.unauthenticated.json
[legacy-contract] captured phase1_6.mutation_authz.post.api.chat.messages.read.no_permission -> tests\fixtures\legacy-golden\phase1_6.mutation_authz.post.api.chat.messages.read.no_permission.json
[legacy-contract] captured phase1_6.mutation_authz.post.api.chat.messages.10000000.0000.4000.8000.000000000106.read.unauthenticated -> tests\fixtures\legacy-golden\phase1_6.mutation_authz.post.api.chat.messages.10000000.0000.4000.8000.000000000106.read.unauthenticated.json
[legacy-contract] captured phase1_6.mutation_authz.post.api.chat.messages.10000000.0000.4000.8000.000000000106.read.no_permission -> tests\fixtures\legacy-golden\phase1_6.mutation_authz.post.api.chat.messages.10000000.0000.4000.8000.000000000106.read.no_permission.json
[legacy-contract] captured phase1_6.mutation_authz.patch.api.chat.messages.10000000.0000.4000.8000.000000000106.unauthenticated -> tests\fixtures\legacy-golden\phase1_6.mutation_authz.patch.api.chat.messages.10000000.0000.4000.8000.000000000106.unauthenticated.json
[legacy-contract] captured phase1_6.mutation_authz.patch.api.chat.messages.10000000.0000.4000.8000.000000000106.no_permission -> tests\fixtures\legacy-golden\phase1_6.mutation_authz.patch.api.chat.messages.10000000.0000.4000.8000.000000000106.no_permission.json
[legacy-contract] captured phase1_6.mutation_authz.delete.api.chat.messages.10000000.0000.4000.8000.000000000106.unauthenticated -> tests\fixtures\legacy-golden\phase1_6.mutation_authz.delete.api.chat.messages.10000000.0000.4000.8000.000000000106.unauthenticated.json
[legacy-contract] captured phase1_6.mutation_authz.delete.api.chat.messages.10000000.0000.4000.8000.000000000106.no_permission -> tests\fixtures\legacy-golden\phase1_6.mutation_authz.delete.api.chat.messages.10000000.0000.4000.8000.000000000106.no_permission.json
[legacy-contract] captured phase1_6.mutation_authz.post.api.chat.presence.unauthenticated -> tests\fixtures\legacy-golden\phase1_6.mutation_authz.post.api.chat.presence.unauthenticated.json
[legacy-contract] captured phase1_6.mutation_authz.post.api.chat.presence.no_permission -> tests\fixtures\legacy-golden\phase1_6.mutation_authz.post.api.chat.presence.no_permission.json
[legacy-contract] captured phase1_6.mutation_authz.patch.api.chat.presence.unauthenticated -> tests\fixtures\legacy-golden\phase1_6.mutation_authz.patch.api.chat.presence.unauthenticated.json
[legacy-contract] captured phase1_6.mutation_authz.patch.api.chat.presence.no_permission -> tests\fixtures\legacy-golden\phase1_6.mutation_authz.patch.api.chat.presence.no_permission.json
[legacy-contract] captured phase1_6.mutation_authz.post.api.chat.status.unauthenticated -> tests\fixtures\legacy-golden\phase1_6.mutation_authz.post.api.chat.status.unauthenticated.json
[legacy-contract] captured phase1_6.mutation_authz.post.api.chat.status.no_permission -> tests\fixtures\legacy-golden\phase1_6.mutation_authz.post.api.chat.status.no_permission.json
[legacy-contract] captured phase1_6.mutation_authz.post.api.incidents.unauthenticated -> tests\fixtures\legacy-golden\phase1_6.mutation_authz.post.api.incidents.unauthenticated.json
[legacy-contract] captured phase1_6.mutation_authz.post.api.incidents.no_permission -> tests\fixtures\legacy-golden\phase1_6.mutation_authz.post.api.incidents.no_permission.json
[legacy-contract] captured phase1_6.mutation_authz.put.api.incidents.unauthenticated -> tests\fixtures\legacy-golden\phase1_6.mutation_authz.put.api.incidents.unauthenticated.json
[legacy-contract] captured phase1_6.mutation_authz.put.api.incidents.no_permission -> tests\fixtures\legacy-golden\phase1_6.mutation_authz.put.api.incidents.no_permission.json
[legacy-contract] captured phase1_6.mutation_authz.delete.api.incidents.unauthenticated -> tests\fixtures\legacy-golden\phase1_6.mutation_authz.delete.api.incidents.unauthenticated.json
[legacy-contract] captured phase1_6.mutation_authz.delete.api.incidents.no_permission -> tests\fixtures\legacy-golden\phase1_6.mutation_authz.delete.api.incidents.no_permission.json
[legacy-contract] captured phase1_6.mutation_authz.post.api.incidents.images.unauthenticated -> tests\fixtures\legacy-golden\phase1_6.mutation_authz.post.api.incidents.images.unauthenticated.json
[legacy-contract] captured phase1_6.mutation_authz.post.api.incidents.images.no_permission -> tests\fixtures\legacy-golden\phase1_6.mutation_authz.post.api.incidents.images.no_permission.json
[legacy-contract] captured phase1_6.mutation_authz.delete.api.incidents.images.unauthenticated -> tests\fixtures\legacy-golden\phase1_6.mutation_authz.delete.api.incidents.images.unauthenticated.json
[legacy-contract] captured phase1_6.mutation_authz.delete.api.incidents.images.no_permission -> tests\fixtures\legacy-golden\phase1_6.mutation_authz.delete.api.incidents.images.no_permission.json
[legacy-contract] captured phase1_6.mutation_authz.post.api.groups.unauthenticated -> tests\fixtures\legacy-golden\phase1_6.mutation_authz.post.api.groups.unauthenticated.json
[legacy-contract] captured phase1_6.mutation_authz.post.api.groups.no_permission -> tests\fixtures\legacy-golden\phase1_6.mutation_authz.post.api.groups.no_permission.json
[legacy-contract] captured phase1_6.mutation_authz.put.api.groups.unauthenticated -> tests\fixtures\legacy-golden\phase1_6.mutation_authz.put.api.groups.unauthenticated.json
[legacy-contract] captured phase1_6.mutation_authz.put.api.groups.no_permission -> tests\fixtures\legacy-golden\phase1_6.mutation_authz.put.api.groups.no_permission.json
[legacy-contract] captured phase1_6.mutation_authz.delete.api.groups.unauthenticated -> tests\fixtures\legacy-golden\phase1_6.mutation_authz.delete.api.groups.unauthenticated.json
[legacy-contract] captured phase1_6.mutation_authz.delete.api.groups.no_permission -> tests\fixtures\legacy-golden\phase1_6.mutation_authz.delete.api.groups.no_permission.json
[legacy-contract] captured phase1_6.mutation_authz.put.api.groups.permissions.unauthenticated -> tests\fixtures\legacy-golden\phase1_6.mutation_authz.put.api.groups.permissions.unauthenticated.json
[legacy-contract] captured phase1_6.mutation_authz.put.api.groups.permissions.no_permission -> tests\fixtures\legacy-golden\phase1_6.mutation_authz.put.api.groups.permissions.no_permission.json
[legacy-contract] captured phase1_6.mutation_authz.delete.api.groups.users.unauthenticated -> tests\fixtures\legacy-golden\phase1_6.mutation_authz.delete.api.groups.users.unauthenticated.json
[legacy-contract] captured phase1_6.mutation_authz.delete.api.groups.users.no_permission -> tests\fixtures\legacy-golden\phase1_6.mutation_authz.delete.api.groups.users.no_permission.json
[legacy-contract] captured phase1_6.mutation_authz.put.api.help.unauthenticated -> tests\fixtures\legacy-golden\phase1_6.mutation_authz.put.api.help.unauthenticated.json
[legacy-contract] captured phase1_6.mutation_authz.put.api.help.no_permission -> tests\fixtures\legacy-golden\phase1_6.mutation_authz.put.api.help.no_permission.json
[legacy-contract] captured phase1_6.mutation_authz.delete.api.help.images.unauthenticated -> tests\fixtures\legacy-golden\phase1_6.mutation_authz.delete.api.help.images.unauthenticated.json
[legacy-contract] captured phase1_6.mutation_authz.delete.api.help.images.no_permission -> tests\fixtures\legacy-golden\phase1_6.mutation_authz.delete.api.help.images.no_permission.json
[legacy-contract] captured phase1_6.mutation_authz.post.api.monitoring.picture.pages.unauthenticated -> tests\fixtures\legacy-golden\phase1_6.mutation_authz.post.api.monitoring.picture.pages.unauthenticated.json
[legacy-contract] captured phase1_6.mutation_authz.post.api.monitoring.picture.pages.no_permission -> tests\fixtures\legacy-golden\phase1_6.mutation_authz.post.api.monitoring.picture.pages.no_permission.json
[legacy-contract] captured phase1_6.mutation_authz.put.api.monitoring.picture.pages.unauthenticated -> tests\fixtures\legacy-golden\phase1_6.mutation_authz.put.api.monitoring.picture.pages.unauthenticated.json
[legacy-contract] captured phase1_6.mutation_authz.put.api.monitoring.picture.pages.no_permission -> tests\fixtures\legacy-golden\phase1_6.mutation_authz.put.api.monitoring.picture.pages.no_permission.json
[legacy-contract] captured phase1_6.mutation_authz.delete.api.monitoring.picture.pages.unauthenticated -> tests\fixtures\legacy-golden\phase1_6.mutation_authz.delete.api.monitoring.picture.pages.unauthenticated.json
[legacy-contract] captured phase1_6.mutation_authz.delete.api.monitoring.picture.pages.no_permission -> tests\fixtures\legacy-golden\phase1_6.mutation_authz.delete.api.monitoring.picture.pages.no_permission.json
[legacy-contract] captured phase1_6.mutation_authz.put.api.monitoring.picture.links.unauthenticated -> tests\fixtures\legacy-golden\phase1_6.mutation_authz.put.api.monitoring.picture.links.unauthenticated.json
[legacy-contract] captured phase1_6.mutation_authz.put.api.monitoring.picture.links.no_permission -> tests\fixtures\legacy-golden\phase1_6.mutation_authz.put.api.monitoring.picture.links.no_permission.json
[legacy-contract] captured phase1_6.mutation_authz.delete.api.monitoring.picture.links.unauthenticated -> tests\fixtures\legacy-golden\phase1_6.mutation_authz.delete.api.monitoring.picture.links.unauthenticated.json
[legacy-contract] captured phase1_6.mutation_authz.delete.api.monitoring.picture.links.no_permission -> tests\fixtures\legacy-golden\phase1_6.mutation_authz.delete.api.monitoring.picture.links.no_permission.json
[legacy-contract] captured phase1_6.mutation_authz.post.api.monitoring.radar.groups.unauthenticated -> tests\fixtures\legacy-golden\phase1_6.mutation_authz.post.api.monitoring.radar.groups.unauthenticated.json
[legacy-contract] captured phase1_6.mutation_authz.post.api.monitoring.radar.groups.no_permission -> tests\fixtures\legacy-golden\phase1_6.mutation_authz.post.api.monitoring.radar.groups.no_permission.json
[legacy-contract] captured phase1_6.mutation_authz.put.api.monitoring.radar.groups.unauthenticated -> tests\fixtures\legacy-golden\phase1_6.mutation_authz.put.api.monitoring.radar.groups.unauthenticated.json
[legacy-contract] captured phase1_6.mutation_authz.put.api.monitoring.radar.groups.no_permission -> tests\fixtures\legacy-golden\phase1_6.mutation_authz.put.api.monitoring.radar.groups.no_permission.json
[legacy-contract] captured phase1_6.mutation_authz.delete.api.monitoring.radar.groups.unauthenticated -> tests\fixtures\legacy-golden\phase1_6.mutation_authz.delete.api.monitoring.radar.groups.unauthenticated.json
[legacy-contract] captured phase1_6.mutation_authz.delete.api.monitoring.radar.groups.no_permission -> tests\fixtures\legacy-golden\phase1_6.mutation_authz.delete.api.monitoring.radar.groups.no_permission.json
[legacy-contract] captured phase1_6.mutation_authz.put.api.monitoring.radars.unauthenticated -> tests\fixtures\legacy-golden\phase1_6.mutation_authz.put.api.monitoring.radars.unauthenticated.json
[legacy-contract] captured phase1_6.mutation_authz.put.api.monitoring.radars.no_permission -> tests\fixtures\legacy-golden\phase1_6.mutation_authz.put.api.monitoring.radars.no_permission.json
[legacy-contract] captured phase1_6.mutation_authz.delete.api.monitoring.radars.unauthenticated -> tests\fixtures\legacy-golden\phase1_6.mutation_authz.delete.api.monitoring.radars.unauthenticated.json
[legacy-contract] captured phase1_6.mutation_authz.delete.api.monitoring.radars.no_permission -> tests\fixtures\legacy-golden\phase1_6.mutation_authz.delete.api.monitoring.radars.no_permission.json
[legacy-contract] captured phase1_6.mutation_authz.post.api.monitoring.seed.radars.unauthenticated -> tests\fixtures\legacy-golden\phase1_6.mutation_authz.post.api.monitoring.seed.radars.unauthenticated.json
[legacy-contract] captured phase1_6.mutation_authz.post.api.monitoring.seed.radars.no_permission -> tests\fixtures\legacy-golden\phase1_6.mutation_authz.post.api.monitoring.seed.radars.no_permission.json
[legacy-contract] captured phase1_6.mutation_authz.post.api.monitoring.products.unauthenticated -> tests\fixtures\legacy-golden\phase1_6.mutation_authz.post.api.monitoring.products.unauthenticated.json
[legacy-contract] captured phase1_6.mutation_authz.post.api.products.unauthenticated -> tests\fixtures\legacy-golden\phase1_6.mutation_authz.post.api.products.unauthenticated.json
[legacy-contract] captured phase1_6.mutation_authz.post.api.products.no_permission -> tests\fixtures\legacy-golden\phase1_6.mutation_authz.post.api.products.no_permission.json
[legacy-contract] captured phase1_6.mutation_authz.put.api.products.unauthenticated -> tests\fixtures\legacy-golden\phase1_6.mutation_authz.put.api.products.unauthenticated.json
[legacy-contract] captured phase1_6.mutation_authz.put.api.products.no_permission -> tests\fixtures\legacy-golden\phase1_6.mutation_authz.put.api.products.no_permission.json
[legacy-contract] captured phase1_6.mutation_authz.delete.api.products.unauthenticated -> tests\fixtures\legacy-golden\phase1_6.mutation_authz.delete.api.products.unauthenticated.json
[legacy-contract] captured phase1_6.mutation_authz.delete.api.products.no_permission -> tests\fixtures\legacy-golden\phase1_6.mutation_authz.delete.api.products.no_permission.json
[legacy-contract] captured phase1_6.mutation_authz.post.api.products.activities.unauthenticated -> tests\fixtures\legacy-golden\phase1_6.mutation_authz.post.api.products.activities.unauthenticated.json
[legacy-contract] captured phase1_6.mutation_authz.post.api.products.activities.no_permission -> tests\fixtures\legacy-golden\phase1_6.mutation_authz.post.api.products.activities.no_permission.json
[legacy-contract] captured phase1_6.mutation_authz.put.api.products.activities.unauthenticated -> tests\fixtures\legacy-golden\phase1_6.mutation_authz.put.api.products.activities.unauthenticated.json
[legacy-contract] captured phase1_6.mutation_authz.put.api.products.activities.no_permission -> tests\fixtures\legacy-golden\phase1_6.mutation_authz.put.api.products.activities.no_permission.json
[legacy-contract] captured phase1_6.mutation_authz.post.api.products.activities.pending.email.unauthenticated -> tests\fixtures\legacy-golden\phase1_6.mutation_authz.post.api.products.activities.pending.email.unauthenticated.json
[legacy-contract] captured phase1_6.mutation_authz.post.api.products.activities.pending.email.no_permission -> tests\fixtures\legacy-golden\phase1_6.mutation_authz.post.api.products.activities.pending.email.no_permission.json
[legacy-contract] captured phase1_6.mutation_authz.post.api.products.availability.exceptions.unauthenticated -> tests\fixtures\legacy-golden\phase1_6.mutation_authz.post.api.products.availability.exceptions.unauthenticated.json
[legacy-contract] captured phase1_6.mutation_authz.post.api.products.availability.exceptions.no_permission -> tests\fixtures\legacy-golden\phase1_6.mutation_authz.post.api.products.availability.exceptions.no_permission.json
[legacy-contract] captured phase1_6.mutation_authz.delete.api.products.availability.exceptions.unauthenticated -> tests\fixtures\legacy-golden\phase1_6.mutation_authz.delete.api.products.availability.exceptions.unauthenticated.json
[legacy-contract] captured phase1_6.mutation_authz.delete.api.products.availability.exceptions.no_permission -> tests\fixtures\legacy-golden\phase1_6.mutation_authz.delete.api.products.availability.exceptions.no_permission.json
[legacy-contract] captured phase1_6.mutation_authz.post.api.products.contacts.unauthenticated -> tests\fixtures\legacy-golden\phase1_6.mutation_authz.post.api.products.contacts.unauthenticated.json
[legacy-contract] captured phase1_6.mutation_authz.post.api.products.contacts.no_permission -> tests\fixtures\legacy-golden\phase1_6.mutation_authz.post.api.products.contacts.no_permission.json
[legacy-contract] captured phase1_6.mutation_authz.delete.api.products.contacts.unauthenticated -> tests\fixtures\legacy-golden\phase1_6.mutation_authz.delete.api.products.contacts.unauthenticated.json
[legacy-contract] captured phase1_6.mutation_authz.delete.api.products.contacts.no_permission -> tests\fixtures\legacy-golden\phase1_6.mutation_authz.delete.api.products.contacts.no_permission.json
[legacy-contract] captured phase1_6.mutation_authz.post.api.products.dependencies.unauthenticated -> tests\fixtures\legacy-golden\phase1_6.mutation_authz.post.api.products.dependencies.unauthenticated.json
[legacy-contract] captured phase1_6.mutation_authz.post.api.products.dependencies.no_permission -> tests\fixtures\legacy-golden\phase1_6.mutation_authz.post.api.products.dependencies.no_permission.json
[legacy-contract] captured phase1_6.mutation_authz.put.api.products.dependencies.unauthenticated -> tests\fixtures\legacy-golden\phase1_6.mutation_authz.put.api.products.dependencies.unauthenticated.json
[legacy-contract] captured phase1_6.mutation_authz.put.api.products.dependencies.no_permission -> tests\fixtures\legacy-golden\phase1_6.mutation_authz.put.api.products.dependencies.no_permission.json
[legacy-contract] captured phase1_6.mutation_authz.delete.api.products.dependencies.unauthenticated -> tests\fixtures\legacy-golden\phase1_6.mutation_authz.delete.api.products.dependencies.unauthenticated.json
[legacy-contract] captured phase1_6.mutation_authz.delete.api.products.dependencies.no_permission -> tests\fixtures\legacy-golden\phase1_6.mutation_authz.delete.api.products.dependencies.no_permission.json
[legacy-contract] captured phase1_6.mutation_authz.put.api.products.dependencies.reorder.unauthenticated -> tests\fixtures\legacy-golden\phase1_6.mutation_authz.put.api.products.dependencies.reorder.unauthenticated.json
[legacy-contract] captured phase1_6.mutation_authz.put.api.products.dependencies.reorder.no_permission -> tests\fixtures\legacy-golden\phase1_6.mutation_authz.put.api.products.dependencies.reorder.no_permission.json
[legacy-contract] captured phase1_6.mutation_authz.put.api.products.manual.unauthenticated -> tests\fixtures\legacy-golden\phase1_6.mutation_authz.put.api.products.manual.unauthenticated.json
[legacy-contract] captured phase1_6.mutation_authz.put.api.products.manual.no_permission -> tests\fixtures\legacy-golden\phase1_6.mutation_authz.put.api.products.manual.no_permission.json
[legacy-contract] captured phase1_6.mutation_authz.delete.api.products.manual.images.unauthenticated -> tests\fixtures\legacy-golden\phase1_6.mutation_authz.delete.api.products.manual.images.unauthenticated.json
[legacy-contract] captured phase1_6.mutation_authz.delete.api.products.manual.images.no_permission -> tests\fixtures\legacy-golden\phase1_6.mutation_authz.delete.api.products.manual.images.no_permission.json
[legacy-contract] captured phase1_6.mutation_authz.post.api.products.problems.unauthenticated -> tests\fixtures\legacy-golden\phase1_6.mutation_authz.post.api.products.problems.unauthenticated.json
[legacy-contract] captured phase1_6.mutation_authz.post.api.products.problems.no_permission -> tests\fixtures\legacy-golden\phase1_6.mutation_authz.post.api.products.problems.no_permission.json
[legacy-contract] captured phase1_6.mutation_authz.put.api.products.problems.unauthenticated -> tests\fixtures\legacy-golden\phase1_6.mutation_authz.put.api.products.problems.unauthenticated.json
[legacy-contract] captured phase1_6.mutation_authz.put.api.products.problems.no_permission -> tests\fixtures\legacy-golden\phase1_6.mutation_authz.put.api.products.problems.no_permission.json
[legacy-contract] captured phase1_6.mutation_authz.delete.api.products.problems.unauthenticated -> tests\fixtures\legacy-golden\phase1_6.mutation_authz.delete.api.products.problems.unauthenticated.json
[legacy-contract] captured phase1_6.mutation_authz.delete.api.products.problems.no_permission -> tests\fixtures\legacy-golden\phase1_6.mutation_authz.delete.api.products.problems.no_permission.json
[legacy-contract] captured phase1_6.mutation_authz.post.api.products.problems.categories.unauthenticated -> tests\fixtures\legacy-golden\phase1_6.mutation_authz.post.api.products.problems.categories.unauthenticated.json
[legacy-contract] captured phase1_6.mutation_authz.post.api.products.problems.categories.no_permission -> tests\fixtures\legacy-golden\phase1_6.mutation_authz.post.api.products.problems.categories.no_permission.json
[legacy-contract] captured phase1_6.mutation_authz.put.api.products.problems.categories.unauthenticated -> tests\fixtures\legacy-golden\phase1_6.mutation_authz.put.api.products.problems.categories.unauthenticated.json
[legacy-contract] captured phase1_6.mutation_authz.put.api.products.problems.categories.no_permission -> tests\fixtures\legacy-golden\phase1_6.mutation_authz.put.api.products.problems.categories.no_permission.json
[legacy-contract] captured phase1_6.mutation_authz.delete.api.products.problems.categories.unauthenticated -> tests\fixtures\legacy-golden\phase1_6.mutation_authz.delete.api.products.problems.categories.unauthenticated.json
[legacy-contract] captured phase1_6.mutation_authz.delete.api.products.problems.categories.no_permission -> tests\fixtures\legacy-golden\phase1_6.mutation_authz.delete.api.products.problems.categories.no_permission.json
[legacy-contract] captured phase1_6.mutation_authz.post.api.products.images.unauthenticated -> tests\fixtures\legacy-golden\phase1_6.mutation_authz.post.api.products.images.unauthenticated.json
[legacy-contract] captured phase1_6.mutation_authz.post.api.products.images.no_permission -> tests\fixtures\legacy-golden\phase1_6.mutation_authz.post.api.products.images.no_permission.json
[legacy-contract] captured phase1_6.mutation_authz.delete.api.products.images.unauthenticated -> tests\fixtures\legacy-golden\phase1_6.mutation_authz.delete.api.products.images.unauthenticated.json
[legacy-contract] captured phase1_6.mutation_authz.delete.api.products.images.no_permission -> tests\fixtures\legacy-golden\phase1_6.mutation_authz.delete.api.products.images.no_permission.json
[legacy-contract] captured phase1_6.mutation_authz.post.api.products.solutions.unauthenticated -> tests\fixtures\legacy-golden\phase1_6.mutation_authz.post.api.products.solutions.unauthenticated.json
[legacy-contract] captured phase1_6.mutation_authz.post.api.products.solutions.no_permission -> tests\fixtures\legacy-golden\phase1_6.mutation_authz.post.api.products.solutions.no_permission.json
[legacy-contract] captured phase1_6.mutation_authz.put.api.products.solutions.unauthenticated -> tests\fixtures\legacy-golden\phase1_6.mutation_authz.put.api.products.solutions.unauthenticated.json
[legacy-contract] captured phase1_6.mutation_authz.put.api.products.solutions.no_permission -> tests\fixtures\legacy-golden\phase1_6.mutation_authz.put.api.products.solutions.no_permission.json
[legacy-contract] captured phase1_6.mutation_authz.delete.api.products.solutions.unauthenticated -> tests\fixtures\legacy-golden\phase1_6.mutation_authz.delete.api.products.solutions.unauthenticated.json
[legacy-contract] captured phase1_6.mutation_authz.delete.api.products.solutions.no_permission -> tests\fixtures\legacy-golden\phase1_6.mutation_authz.delete.api.products.solutions.no_permission.json
[legacy-contract] captured phase1_6.mutation_authz.post.api.products.solutions.count.unauthenticated -> tests\fixtures\legacy-golden\phase1_6.mutation_authz.post.api.products.solutions.count.unauthenticated.json
[legacy-contract] captured phase1_6.mutation_authz.post.api.products.solutions.count.no_permission -> tests\fixtures\legacy-golden\phase1_6.mutation_authz.post.api.products.solutions.count.no_permission.json
[legacy-contract] captured phase1_6.mutation_authz.post.api.products.solutions.images.unauthenticated -> tests\fixtures\legacy-golden\phase1_6.mutation_authz.post.api.products.solutions.images.unauthenticated.json
[legacy-contract] captured phase1_6.mutation_authz.post.api.products.solutions.images.no_permission -> tests\fixtures\legacy-golden\phase1_6.mutation_authz.post.api.products.solutions.images.no_permission.json
[legacy-contract] captured phase1_6.mutation_authz.delete.api.products.solutions.images.unauthenticated -> tests\fixtures\legacy-golden\phase1_6.mutation_authz.delete.api.products.solutions.images.unauthenticated.json
[legacy-contract] captured phase1_6.mutation_authz.delete.api.products.solutions.images.no_permission -> tests\fixtures\legacy-golden\phase1_6.mutation_authz.delete.api.products.solutions.images.no_permission.json
[legacy-contract] captured phase1_6.mutation_authz.post.api.projects.unauthenticated -> tests\fixtures\legacy-golden\phase1_6.mutation_authz.post.api.projects.unauthenticated.json
[legacy-contract] captured phase1_6.mutation_authz.post.api.projects.no_permission -> tests\fixtures\legacy-golden\phase1_6.mutation_authz.post.api.projects.no_permission.json
[legacy-contract] captured phase1_6.mutation_authz.put.api.projects.unauthenticated -> tests\fixtures\legacy-golden\phase1_6.mutation_authz.put.api.projects.unauthenticated.json
[legacy-contract] captured phase1_6.mutation_authz.put.api.projects.no_permission -> tests\fixtures\legacy-golden\phase1_6.mutation_authz.put.api.projects.no_permission.json
[legacy-contract] captured phase1_6.mutation_authz.delete.api.projects.unauthenticated -> tests\fixtures\legacy-golden\phase1_6.mutation_authz.delete.api.projects.unauthenticated.json
[legacy-contract] captured phase1_6.mutation_authz.delete.api.projects.no_permission -> tests\fixtures\legacy-golden\phase1_6.mutation_authz.delete.api.projects.no_permission.json
[legacy-contract] captured phase1_6.mutation_authz.post.api.projects.10000000.0000.4000.8000.000000000101.activities.unauthenticated -> tests\fixtures\legacy-golden\phase1_6.mutation_authz.post.api.projects.10000000.0000.4000.8000.000000000101.activities.unauthenticated.json
[legacy-contract] captured phase1_6.mutation_authz.post.api.projects.10000000.0000.4000.8000.000000000101.activities.no_permission -> tests\fixtures\legacy-golden\phase1_6.mutation_authz.post.api.projects.10000000.0000.4000.8000.000000000101.activities.no_permission.json
[legacy-contract] captured phase1_6.mutation_authz.put.api.projects.10000000.0000.4000.8000.000000000101.activities.unauthenticated -> tests\fixtures\legacy-golden\phase1_6.mutation_authz.put.api.projects.10000000.0000.4000.8000.000000000101.activities.unauthenticated.json
[legacy-contract] captured phase1_6.mutation_authz.put.api.projects.10000000.0000.4000.8000.000000000101.activities.no_permission -> tests\fixtures\legacy-golden\phase1_6.mutation_authz.put.api.projects.10000000.0000.4000.8000.000000000101.activities.no_permission.json
[legacy-contract] captured phase1_6.mutation_authz.delete.api.projects.10000000.0000.4000.8000.000000000101.activities.unauthenticated -> tests\fixtures\legacy-golden\phase1_6.mutation_authz.delete.api.projects.10000000.0000.4000.8000.000000000101.activities.unauthenticated.json
[legacy-contract] captured phase1_6.mutation_authz.delete.api.projects.10000000.0000.4000.8000.000000000101.activities.no_permission -> tests\fixtures\legacy-golden\phase1_6.mutation_authz.delete.api.projects.10000000.0000.4000.8000.000000000101.activities.no_permission.json
[legacy-contract] captured phase1_6.mutation_authz.post.api.projects.10000000.0000.4000.8000.000000000101.activities.10000000.0000.4000.8000.000000000102.tasks.unauthenticated -> tests\fixtures\legacy-golden\phase1_6.mutation_authz.post.api.projects.10000000.0000.4000.8000.000000000101.activities.10000000.0000.4000.8000.000000000102.tasks.unauthenticated.json
[legacy-contract] captured phase1_6.mutation_authz.post.api.projects.10000000.0000.4000.8000.000000000101.activities.10000000.0000.4000.8000.000000000102.tasks.no_permission -> tests\fixtures\legacy-golden\phase1_6.mutation_authz.post.api.projects.10000000.0000.4000.8000.000000000101.activities.10000000.0000.4000.8000.000000000102.tasks.no_permission.json
[legacy-contract] captured phase1_6.mutation_authz.put.api.projects.10000000.0000.4000.8000.000000000101.activities.10000000.0000.4000.8000.000000000102.tasks.unauthenticated -> tests\fixtures\legacy-golden\phase1_6.mutation_authz.put.api.projects.10000000.0000.4000.8000.000000000101.activities.10000000.0000.4000.8000.000000000102.tasks.unauthenticated.json
[legacy-contract] captured phase1_6.mutation_authz.put.api.projects.10000000.0000.4000.8000.000000000101.activities.10000000.0000.4000.8000.000000000102.tasks.no_permission -> tests\fixtures\legacy-golden\phase1_6.mutation_authz.put.api.projects.10000000.0000.4000.8000.000000000101.activities.10000000.0000.4000.8000.000000000102.tasks.no_permission.json
[legacy-contract] captured phase1_6.mutation_authz.delete.api.projects.10000000.0000.4000.8000.000000000101.activities.10000000.0000.4000.8000.000000000102.tasks.unauthenticated -> tests\fixtures\legacy-golden\phase1_6.mutation_authz.delete.api.projects.10000000.0000.4000.8000.000000000101.activities.10000000.0000.4000.8000.000000000102.tasks.unauthenticated.json
[legacy-contract] captured phase1_6.mutation_authz.delete.api.projects.10000000.0000.4000.8000.000000000101.activities.10000000.0000.4000.8000.000000000102.tasks.no_permission -> tests\fixtures\legacy-golden\phase1_6.mutation_authz.delete.api.projects.10000000.0000.4000.8000.000000000101.activities.10000000.0000.4000.8000.000000000102.tasks.no_permission.json
[legacy-contract] captured phase1_6.mutation_authz.patch.api.projects.10000000.0000.4000.8000.000000000101.activities.10000000.0000.4000.8000.000000000102.tasks.unauthenticated -> tests\fixtures\legacy-golden\phase1_6.mutation_authz.patch.api.projects.10000000.0000.4000.8000.000000000101.activities.10000000.0000.4000.8000.000000000102.tasks.unauthenticated.json
[legacy-contract] captured phase1_6.mutation_authz.patch.api.projects.10000000.0000.4000.8000.000000000101.activities.10000000.0000.4000.8000.000000000102.tasks.no_permission -> tests\fixtures\legacy-golden\phase1_6.mutation_authz.patch.api.projects.10000000.0000.4000.8000.000000000101.activities.10000000.0000.4000.8000.000000000102.tasks.no_permission.json
[legacy-contract] captured phase1_6.mutation_authz.post.api.tasks.10000000.0000.4000.8000.000000000103.users.unauthenticated -> tests\fixtures\legacy-golden\phase1_6.mutation_authz.post.api.tasks.10000000.0000.4000.8000.000000000103.users.unauthenticated.json
[legacy-contract] captured phase1_6.mutation_authz.post.api.tasks.10000000.0000.4000.8000.000000000103.users.no_permission -> tests\fixtures\legacy-golden\phase1_6.mutation_authz.post.api.tasks.10000000.0000.4000.8000.000000000103.users.no_permission.json
[legacy-contract] captured phase1_6.mutation_authz.post.api.users.unauthenticated -> tests\fixtures\legacy-golden\phase1_6.mutation_authz.post.api.users.unauthenticated.json
[legacy-contract] captured phase1_6.mutation_authz.post.api.users.no_permission -> tests\fixtures\legacy-golden\phase1_6.mutation_authz.post.api.users.no_permission.json
[legacy-contract] captured phase1_6.mutation_authz.put.api.users.unauthenticated -> tests\fixtures\legacy-golden\phase1_6.mutation_authz.put.api.users.unauthenticated.json
[legacy-contract] captured phase1_6.mutation_authz.put.api.users.no_permission -> tests\fixtures\legacy-golden\phase1_6.mutation_authz.put.api.users.no_permission.json
[legacy-contract] captured phase1_6.mutation_authz.delete.api.users.unauthenticated -> tests\fixtures\legacy-golden\phase1_6.mutation_authz.delete.api.users.unauthenticated.json
[legacy-contract] captured phase1_6.mutation_authz.delete.api.users.no_permission -> tests\fixtures\legacy-golden\phase1_6.mutation_authz.delete.api.users.no_permission.json
[legacy-contract] captured phase1_6.mutation_authz.post.api.users.fixture.user.partial.resend.password.setup.unauthenticated -> tests\fixtures\legacy-golden\phase1_6.mutation_authz.post.api.users.fixture.user.partial.resend.password.setup.unauthenticated.json
[legacy-contract] captured phase1_6.mutation_authz.post.api.users.fixture.user.partial.resend.password.setup.no_permission -> tests\fixtures\legacy-golden\phase1_6.mutation_authz.post.api.users.fixture.user.partial.resend.password.setup.no_permission.json
[legacy-contract] captured phase1_6.mutation_authz.put.api.users.profile.unauthenticated -> tests\fixtures\legacy-golden\phase1_6.mutation_authz.put.api.users.profile.unauthenticated.json
[legacy-contract] captured phase1_6.mutation_authz.put.api.users.preferences.unauthenticated -> tests\fixtures\legacy-golden\phase1_6.mutation_authz.put.api.users.preferences.unauthenticated.json
[legacy-contract] captured phase1_6.mutation_authz.put.api.users.email.unauthenticated -> tests\fixtures\legacy-golden\phase1_6.mutation_authz.put.api.users.email.unauthenticated.json
[legacy-contract] captured phase1_6.mutation_authz.post.api.users.email.change.unauthenticated -> tests\fixtures\legacy-golden\phase1_6.mutation_authz.post.api.users.email.change.unauthenticated.json
[legacy-contract] captured phase1_6.mutation_authz.put.api.users.email.change.unauthenticated -> tests\fixtures\legacy-golden\phase1_6.mutation_authz.put.api.users.email.change.unauthenticated.json
[legacy-contract] captured phase1_6.mutation_authz.put.api.users.password.unauthenticated -> tests\fixtures\legacy-golden\phase1_6.mutation_authz.put.api.users.password.unauthenticated.json
[legacy-contract] captured phase1_6.mutation_authz.post.api.users.profile.image.update.unauthenticated -> tests\fixtures\legacy-golden\phase1_6.mutation_authz.post.api.users.profile.image.update.unauthenticated.json
