[legacy-contract] captured phase1_6.read.health.success -> tests\fixtures\legacy-golden\phase1_6.read.health.success.json
[legacy-contract] captured phase1_6.read.server_time.success -> tests\fixtures\legacy-golden\phase1_6.read.server_time.success.json
[legacy-contract] captured phase1_6.read.auth_get_session.none -> tests\fixtures\legacy-golden\phase1_6.read.auth_get_session.none.json
[legacy-contract] captured phase1_6.read.auth_get_session.admin -> tests\fixtures\legacy-golden\phase1_6.read.auth_get_session.admin.json
[legacy-contract] captured phase1_6.read.users.success -> tests\fixtures\legacy-golden\phase1_6.read.users.success.json
[legacy-contract] captured phase1_6.read.users.no_permission -> tests\fixtures\legacy-golden\phase1_6.read.users.no_permission.json
[legacy-contract] captured phase1_6.read.users.profile.success -> tests\fixtures\legacy-golden\phase1_6.read.users.profile.success.json
[legacy-contract] captured phase1_6.read.users.preferences.success -> tests\fixtures\legacy-golden\phase1_6.read.users.preferences.success.json
[legacy-contract] captured phase1_6.read.groups.success -> tests\fixtures\legacy-golden\phase1_6.read.groups.success.json
[legacy-contract] captured phase1_6.read.groups.no_permission -> tests\fixtures\legacy-golden\phase1_6.read.groups.no_permission.json
[legacy-contract] captured phase1_6.read.groups.permissions.success -> tests\fixtures\legacy-golden\phase1_6.read.groups.permissions.success.json
[legacy-contract] captured phase1_6.read.contacts.success -> tests\fixtures\legacy-golden\phase1_6.read.contacts.success.json
[legacy-contract] captured phase1_6.read.contacts.no_permission -> tests\fixtures\legacy-golden\phase1_6.read.contacts.no_permission.json
[legacy-contract] captured phase1_6.read.products.success -> tests\fixtures\legacy-golden\phase1_6.read.products.success.json
[legacy-contract] captured phase1_6.read.products.slug_probe -> tests\fixtures\legacy-golden\phase1_6.read.products.slug_probe.json
[legacy-contract] captured phase1_6.read.products.invalid_query -> tests\fixtures\legacy-golden\phase1_6.read.products.invalid_query.json
[legacy-contract] captured phase1_6.read.products.activities_availability.success_probe -> tests\fixtures\legacy-golden\phase1_6.read.products.activities_availability.success_probe.json
[legacy-contract] captured phase1_6.read.products.activities_availability.invalid_query -> tests\fixtures\legacy-golden\phase1_6.read.products.activities_availability.invalid_query.json
[legacy-contract] captured phase1_6.read.products.activities_pending_email.success -> tests\fixtures\legacy-golden\phase1_6.read.products.activities_pending_email.success.json
[legacy-contract] captured phase1_6.read.products.availability_exceptions.success_probe -> tests\fixtures\legacy-golden\phase1_6.read.products.availability_exceptions.success_probe.json
[legacy-contract] captured phase1_6.read.products.contacts.success_probe -> tests\fixtures\legacy-golden\phase1_6.read.products.contacts.success_probe.json
[legacy-contract] captured phase1_6.read.products.dependencies.success_probe -> tests\fixtures\legacy-golden\phase1_6.read.products.dependencies.success_probe.json
[legacy-contract] captured phase1_6.read.products.manual.success_probe -> tests\fixtures\legacy-golden\phase1_6.read.products.manual.success_probe.json
[legacy-contract] captured phase1_6.read.products.manual_images.success -> tests\fixtures\legacy-golden\phase1_6.read.products.manual_images.success.json
[legacy-contract] captured phase1_6.read.products.problems.success_probe -> tests\fixtures\legacy-golden\phase1_6.read.products.problems.success_probe.json
[legacy-contract] captured phase1_6.read.products.problems_categories.success -> tests\fixtures\legacy-golden\phase1_6.read.products.problems_categories.success.json
[legacy-contract] captured phase1_6.read.products.images.success_probe -> tests\fixtures\legacy-golden\phase1_6.read.products.images.success_probe.json
[legacy-contract] captured phase1_6.read.products.solutions.success_probe -> tests\fixtures\legacy-golden\phase1_6.read.products.solutions.success_probe.json
[legacy-contract] captured phase1_6.read.products.solutions_summary.success_probe -> tests\fixtures\legacy-golden\phase1_6.read.products.solutions_summary.success_probe.json
[legacy-contract] captured phase1_6.read.products.solutions_images.success_probe -> tests\fixtures\legacy-golden\phase1_6.read.products.solutions_images.success_probe.json
[legacy-contract] captured phase1_6.read.products.history.success_probe -> tests\fixtures\legacy-golden\phase1_6.read.products.history.success_probe.json
[legacy-contract] captured phase1_6.read.products.data_flow.success_probe -> tests\fixtures\legacy-golden\phase1_6.read.products.data_flow.success_probe.json
[legacy-contract] captured phase1_6.read.projects.success -> tests\fixtures\legacy-golden\phase1_6.read.projects.success.json
[legacy-contract] captured phase1_6.read.projects.no_permission -> tests\fixtures\legacy-golden\phase1_6.read.projects.no_permission.json
[legacy-contract] captured phase1_6.read.projects.activities.success_probe -> tests\fixtures\legacy-golden\phase1_6.read.projects.activities.success_probe.json
[legacy-contract] captured phase1_6.read.projects.tasks.success_probe -> tests\fixtures\legacy-golden\phase1_6.read.projects.tasks.success_probe.json
[legacy-contract] captured phase1_6.read.tasks.history.success_probe -> tests\fixtures\legacy-golden\phase1_6.read.tasks.history.success_probe.json
[legacy-contract] captured phase1_6.read.tasks.users.success_probe -> tests\fixtures\legacy-golden\phase1_6.read.tasks.users.success_probe.json
[legacy-contract] captured phase1_6.read.reports.availability.success -> tests\fixtures\legacy-golden\phase1_6.read.reports.availability.success.json
[legacy-contract] captured phase1_6.read.reports.problems.success -> tests\fixtures\legacy-golden\phase1_6.read.reports.problems.success.json
[legacy-contract] captured phase1_6.read.reports.executive.success -> tests\fixtures\legacy-golden\phase1_6.read.reports.executive.success.json
[legacy-contract] captured phase1_6.read.reports.projects.success -> tests\fixtures\legacy-golden\phase1_6.read.reports.projects.success.json
[legacy-contract] captured phase1_6.read.reports.files.success -> tests\fixtures\legacy-golden\phase1_6.read.reports.files.success.json
[legacy-contract] captured phase1_6.read.dashboard.root.success -> tests\fixtures\legacy-golden\phase1_6.read.dashboard.root.success.json
[legacy-contract] captured phase1_6.read.dashboard.summary.success -> tests\fixtures\legacy-golden\phase1_6.read.dashboard.summary.success.json
[legacy-contract] captured phase1_6.read.dashboard.problems_causes.success -> tests\fixtures\legacy-golden\phase1_6.read.dashboard.problems_causes.success.json
[legacy-contract] captured phase1_6.read.dashboard.problems_solutions.success -> tests\fixtures\legacy-golden\phase1_6.read.dashboard.problems_solutions.success.json
[legacy-contract] captured phase1_6.read.dashboard.projects.success -> tests\fixtures\legacy-golden\phase1_6.read.dashboard.projects.success.json
[legacy-contract] captured phase1_6.read.dashboard.no_permission -> tests\fixtures\legacy-golden\phase1_6.read.dashboard.no_permission.json
[legacy-contract] captured phase1_6.read.incidents.success -> tests\fixtures\legacy-golden\phase1_6.read.incidents.success.json
[legacy-contract] captured phase1_6.read.incidents.usage.success_probe -> tests\fixtures\legacy-golden\phase1_6.read.incidents.usage.success_probe.json
[legacy-contract] captured phase1_6.read.incidents.images.success -> tests\fixtures\legacy-golden\phase1_6.read.incidents.images.success.json
[legacy-contract] captured phase1_6.read.help.success -> tests\fixtures\legacy-golden\phase1_6.read.help.success.json
[legacy-contract] captured phase1_6.read.help.images.success -> tests\fixtures\legacy-golden\phase1_6.read.help.images.success.json
[legacy-contract] captured phase1_6.read.ai_assistant.status.success -> tests\fixtures\legacy-golden\phase1_6.read.ai_assistant.status.success.json
[legacy-contract] captured phase1_6.read.ai_assistant.examples.success -> tests\fixtures\legacy-golden\phase1_6.read.ai_assistant.examples.success.json
[legacy-contract] captured phase1_6.read.ai_assistant.threads.success -> tests\fixtures\legacy-golden\phase1_6.read.ai_assistant.threads.success.json
[legacy-contract] captured phase1_6.read.ai_assistant.thread.not_found_probe -> tests\fixtures\legacy-golden\phase1_6.read.ai_assistant.thread.not_found_probe.json
[legacy-contract] captured phase1_6.read.chat.messages.success_probe -> tests\fixtures\legacy-golden\phase1_6.read.chat.messages.success_probe.json
[legacy-contract] captured phase1_6.read.chat.messages.invalid_query -> tests\fixtures\legacy-golden\phase1_6.read.chat.messages.invalid_query.json
[legacy-contract] captured phase1_6.read.chat.messages_count.success_probe -> tests\fixtures\legacy-golden\phase1_6.read.chat.messages_count.success_probe.json
[legacy-contract] captured phase1_6.read.chat.presence.success -> tests\fixtures\legacy-golden\phase1_6.read.chat.presence.success.json
[legacy-contract] captured phase1_6.read.chat.unread_messages.success -> tests\fixtures\legacy-golden\phase1_6.read.chat.unread_messages.success.json
[legacy-contract] captured phase1_6.read.chat.sidebar.success -> tests\fixtures\legacy-golden\phase1_6.read.chat.sidebar.success.json
[legacy-contract] captured phase1_6.read.monitoring.picture_pages.success -> tests\fixtures\legacy-golden\phase1_6.read.monitoring.picture_pages.success.json
[legacy-contract] captured phase1_6.read.monitoring.radar_groups.success -> tests\fixtures\legacy-golden\phase1_6.read.monitoring.radar_groups.success.json
[legacy-contract] captured phase1_6.read.monitoring.radars.success -> tests\fixtures\legacy-golden\phase1_6.read.monitoring.radars.success.json
