[legacy-contract] captured phase1_6.read_authz.auth_get_session.admin.unauthenticated -> tests\fixtures\legacy-golden\phase1_6.read_authz.auth_get_session.admin.unauthenticated.json
[legacy-contract] captured phase1_6.read_authz.auth_get_session.admin.no_permission -> tests\fixtures\legacy-golden\phase1_6.read_authz.auth_get_session.admin.no_permission.json
[legacy-contract] captured phase1_6.read_authz.users.success.unauthenticated -> tests\fixtures\legacy-golden\phase1_6.read_authz.users.success.unauthenticated.json
[legacy-contract] captured phase1_6.read_authz.users.success.no_permission -> tests\fixtures\legacy-golden\phase1_6.read_authz.users.success.no_permission.json
[legacy-contract] captured phase1_6.read_authz.users.profile.success.unauthenticated -> tests\fixtures\legacy-golden\phase1_6.read_authz.users.profile.success.unauthenticated.json
[legacy-contract] captured phase1_6.read_authz.users.profile.success.no_permission -> tests\fixtures\legacy-golden\phase1_6.read_authz.users.profile.success.no_permission.json
[legacy-contract] captured phase1_6.read_authz.users.preferences.success.unauthenticated -> tests\fixtures\legacy-golden\phase1_6.read_authz.users.preferences.success.unauthenticated.json
[legacy-contract] captured phase1_6.read_authz.users.preferences.success.no_permission -> tests\fixtures\legacy-golden\phase1_6.read_authz.users.preferences.success.no_permission.json
[legacy-contract] captured phase1_6.read_authz.groups.success.unauthenticated -> tests\fixtures\legacy-golden\phase1_6.read_authz.groups.success.unauthenticated.json
[legacy-contract] captured phase1_6.read_authz.groups.success.no_permission -> tests\fixtures\legacy-golden\phase1_6.read_authz.groups.success.no_permission.json
[legacy-contract] captured phase1_6.read_authz.groups.permissions.success.unauthenticated -> tests\fixtures\legacy-golden\phase1_6.read_authz.groups.permissions.success.unauthenticated.json
[legacy-contract] captured phase1_6.read_authz.groups.permissions.success.no_permission -> tests\fixtures\legacy-golden\phase1_6.read_authz.groups.permissions.success.no_permission.json
[legacy-contract] captured phase1_6.read_authz.contacts.success.unauthenticated -> tests\fixtures\legacy-golden\phase1_6.read_authz.contacts.success.unauthenticated.json
[legacy-contract] captured phase1_6.read_authz.contacts.success.no_permission -> tests\fixtures\legacy-golden\phase1_6.read_authz.contacts.success.no_permission.json
[legacy-contract] captured phase1_6.read_authz.products.success.unauthenticated -> tests\fixtures\legacy-golden\phase1_6.read_authz.products.success.unauthenticated.json
[legacy-contract] captured phase1_6.read_authz.products.success.no_permission -> tests\fixtures\legacy-golden\phase1_6.read_authz.products.success.no_permission.json
[legacy-contract] captured phase1_6.read_authz.products.slug_probe.unauthenticated -> tests\fixtures\legacy-golden\phase1_6.read_authz.products.slug_probe.unauthenticated.json
[legacy-contract] captured phase1_6.read_authz.products.slug_probe.no_permission -> tests\fixtures\legacy-golden\phase1_6.read_authz.products.slug_probe.no_permission.json
[legacy-contract] captured phase1_6.read_authz.products.activities_availability.success_probe.unauthenticated -> tests\fixtures\legacy-golden\phase1_6.read_authz.products.activities_availability.success_probe.unauthenticated.json
[legacy-contract] captured phase1_6.read_authz.products.activities_availability.success_probe.no_permission -> tests\fixtures\legacy-golden\phase1_6.read_authz.products.activities_availability.success_probe.no_permission.json
[legacy-contract] captured phase1_6.read_authz.products.activities_pending_email.success.unauthenticated -> tests\fixtures\legacy-golden\phase1_6.read_authz.products.activities_pending_email.success.unauthenticated.json
[legacy-contract] captured phase1_6.read_authz.products.activities_pending_email.success.no_permission -> tests\fixtures\legacy-golden\phase1_6.read_authz.products.activities_pending_email.success.no_permission.json
[legacy-contract] captured phase1_6.read_authz.products.availability_exceptions.success_probe.unauthenticated -> tests\fixtures\legacy-golden\phase1_6.read_authz.products.availability_exceptions.success_probe.unauthenticated.json
[legacy-contract] captured phase1_6.read_authz.products.availability_exceptions.success_probe.no_permission -> tests\fixtures\legacy-golden\phase1_6.read_authz.products.availability_exceptions.success_probe.no_permission.json
[legacy-contract] captured phase1_6.read_authz.products.contacts.success_probe.unauthenticated -> tests\fixtures\legacy-golden\phase1_6.read_authz.products.contacts.success_probe.unauthenticated.json
[legacy-contract] captured phase1_6.read_authz.products.contacts.success_probe.no_permission -> tests\fixtures\legacy-golden\phase1_6.read_authz.products.contacts.success_probe.no_permission.json
[legacy-contract] captured phase1_6.read_authz.products.dependencies.success_probe.unauthenticated -> tests\fixtures\legacy-golden\phase1_6.read_authz.products.dependencies.success_probe.unauthenticated.json
[legacy-contract] captured phase1_6.read_authz.products.dependencies.success_probe.no_permission -> tests\fixtures\legacy-golden\phase1_6.read_authz.products.dependencies.success_probe.no_permission.json
[legacy-contract] captured phase1_6.read_authz.products.manual.success_probe.unauthenticated -> tests\fixtures\legacy-golden\phase1_6.read_authz.products.manual.success_probe.unauthenticated.json
[legacy-contract] captured phase1_6.read_authz.products.manual.success_probe.no_permission -> tests\fixtures\legacy-golden\phase1_6.read_authz.products.manual.success_probe.no_permission.json
[legacy-contract] captured phase1_6.read_authz.products.manual_images.success.unauthenticated -> tests\fixtures\legacy-golden\phase1_6.read_authz.products.manual_images.success.unauthenticated.json
[legacy-contract] captured phase1_6.read_authz.products.manual_images.success.no_permission -> tests\fixtures\legacy-golden\phase1_6.read_authz.products.manual_images.success.no_permission.json
[legacy-contract] captured phase1_6.read_authz.products.problems.success_probe.unauthenticated -> tests\fixtures\legacy-golden\phase1_6.read_authz.products.problems.success_probe.unauthenticated.json
[legacy-contract] captured phase1_6.read_authz.products.problems.success_probe.no_permission -> tests\fixtures\legacy-golden\phase1_6.read_authz.products.problems.success_probe.no_permission.json
[legacy-contract] captured phase1_6.read_authz.products.problems_categories.success.unauthenticated -> tests\fixtures\legacy-golden\phase1_6.read_authz.products.problems_categories.success.unauthenticated.json
[legacy-contract] captured phase1_6.read_authz.products.problems_categories.success.no_permission -> tests\fixtures\legacy-golden\phase1_6.read_authz.products.problems_categories.success.no_permission.json
[legacy-contract] captured phase1_6.read_authz.products.images.success_probe.unauthenticated -> tests\fixtures\legacy-golden\phase1_6.read_authz.products.images.success_probe.unauthenticated.json
[legacy-contract] captured phase1_6.read_authz.products.images.success_probe.no_permission -> tests\fixtures\legacy-golden\phase1_6.read_authz.products.images.success_probe.no_permission.json
[legacy-contract] captured phase1_6.read_authz.products.solutions.success_probe.unauthenticated -> tests\fixtures\legacy-golden\phase1_6.read_authz.products.solutions.success_probe.unauthenticated.json
[legacy-contract] captured phase1_6.read_authz.products.solutions.success_probe.no_permission -> tests\fixtures\legacy-golden\phase1_6.read_authz.products.solutions.success_probe.no_permission.json
[legacy-contract] captured phase1_6.read_authz.products.solutions_summary.success_probe.unauthenticated -> tests\fixtures\legacy-golden\phase1_6.read_authz.products.solutions_summary.success_probe.unauthenticated.json
[legacy-contract] captured phase1_6.read_authz.products.solutions_summary.success_probe.no_permission -> tests\fixtures\legacy-golden\phase1_6.read_authz.products.solutions_summary.success_probe.no_permission.json
[legacy-contract] captured phase1_6.read_authz.products.solutions_images.success_probe.unauthenticated -> tests\fixtures\legacy-golden\phase1_6.read_authz.products.solutions_images.success_probe.unauthenticated.json
[legacy-contract] captured phase1_6.read_authz.products.solutions_images.success_probe.no_permission -> tests\fixtures\legacy-golden\phase1_6.read_authz.products.solutions_images.success_probe.no_permission.json
[legacy-contract] captured phase1_6.read_authz.products.history.success_probe.unauthenticated -> tests\fixtures\legacy-golden\phase1_6.read_authz.products.history.success_probe.unauthenticated.json
[legacy-contract] captured phase1_6.read_authz.products.history.success_probe.no_permission -> tests\fixtures\legacy-golden\phase1_6.read_authz.products.history.success_probe.no_permission.json
[legacy-contract] captured phase1_6.read_authz.products.data_flow.success_probe.unauthenticated -> tests\fixtures\legacy-golden\phase1_6.read_authz.products.data_flow.success_probe.unauthenticated.json
[legacy-contract] captured phase1_6.read_authz.products.data_flow.success_probe.no_permission -> tests\fixtures\legacy-golden\phase1_6.read_authz.products.data_flow.success_probe.no_permission.json
[legacy-contract] captured phase1_6.read_authz.projects.success.unauthenticated -> tests\fixtures\legacy-golden\phase1_6.read_authz.projects.success.unauthenticated.json
[legacy-contract] captured phase1_6.read_authz.projects.success.no_permission -> tests\fixtures\legacy-golden\phase1_6.read_authz.projects.success.no_permission.json
[legacy-contract] captured phase1_6.read_authz.projects.activities.success_probe.unauthenticated -> tests\fixtures\legacy-golden\phase1_6.read_authz.projects.activities.success_probe.unauthenticated.json
[legacy-contract] captured phase1_6.read_authz.projects.activities.success_probe.no_permission -> tests\fixtures\legacy-golden\phase1_6.read_authz.projects.activities.success_probe.no_permission.json
[legacy-contract] captured phase1_6.read_authz.projects.tasks.success_probe.unauthenticated -> tests\fixtures\legacy-golden\phase1_6.read_authz.projects.tasks.success_probe.unauthenticated.json
[legacy-contract] captured phase1_6.read_authz.projects.tasks.success_probe.no_permission -> tests\fixtures\legacy-golden\phase1_6.read_authz.projects.tasks.success_probe.no_permission.json
[legacy-contract] captured phase1_6.read_authz.tasks.history.success_probe.unauthenticated -> tests\fixtures\legacy-golden\phase1_6.read_authz.tasks.history.success_probe.unauthenticated.json
[legacy-contract] captured phase1_6.read_authz.tasks.history.success_probe.no_permission -> tests\fixtures\legacy-golden\phase1_6.read_authz.tasks.history.success_probe.no_permission.json
[legacy-contract] captured phase1_6.read_authz.tasks.users.success_probe.unauthenticated -> tests\fixtures\legacy-golden\phase1_6.read_authz.tasks.users.success_probe.unauthenticated.json
[legacy-contract] captured phase1_6.read_authz.tasks.users.success_probe.no_permission -> tests\fixtures\legacy-golden\phase1_6.read_authz.tasks.users.success_probe.no_permission.json
[legacy-contract] captured phase1_6.read_authz.reports.availability.success.unauthenticated -> tests\fixtures\legacy-golden\phase1_6.read_authz.reports.availability.success.unauthenticated.json
[legacy-contract] captured phase1_6.read_authz.reports.availability.success.no_permission -> tests\fixtures\legacy-golden\phase1_6.read_authz.reports.availability.success.no_permission.json
[legacy-contract] captured phase1_6.read_authz.reports.problems.success.unauthenticated -> tests\fixtures\legacy-golden\phase1_6.read_authz.reports.problems.success.unauthenticated.json
[legacy-contract] captured phase1_6.read_authz.reports.problems.success.no_permission -> tests\fixtures\legacy-golden\phase1_6.read_authz.reports.problems.success.no_permission.json
[legacy-contract] captured phase1_6.read_authz.reports.executive.success.unauthenticated -> tests\fixtures\legacy-golden\phase1_6.read_authz.reports.executive.success.unauthenticated.json
[legacy-contract] captured phase1_6.read_authz.reports.executive.success.no_permission -> tests\fixtures\legacy-golden\phase1_6.read_authz.reports.executive.success.no_permission.json
[legacy-contract] captured phase1_6.read_authz.reports.projects.success.unauthenticated -> tests\fixtures\legacy-golden\phase1_6.read_authz.reports.projects.success.unauthenticated.json
[legacy-contract] captured phase1_6.read_authz.reports.projects.success.no_permission -> tests\fixtures\legacy-golden\phase1_6.read_authz.reports.projects.success.no_permission.json
[legacy-contract] captured phase1_6.read_authz.reports.files.success.unauthenticated -> tests\fixtures\legacy-golden\phase1_6.read_authz.reports.files.success.unauthenticated.json
[legacy-contract] captured phase1_6.read_authz.reports.files.success.no_permission -> tests\fixtures\legacy-golden\phase1_6.read_authz.reports.files.success.no_permission.json
[legacy-contract] captured phase1_6.read_authz.dashboard.root.success.unauthenticated -> tests\fixtures\legacy-golden\phase1_6.read_authz.dashboard.root.success.unauthenticated.json
[legacy-contract] captured phase1_6.read_authz.dashboard.root.success.no_permission -> tests\fixtures\legacy-golden\phase1_6.read_authz.dashboard.root.success.no_permission.json
[legacy-contract] captured phase1_6.read_authz.dashboard.summary.success.unauthenticated -> tests\fixtures\legacy-golden\phase1_6.read_authz.dashboard.summary.success.unauthenticated.json
[legacy-contract] captured phase1_6.read_authz.dashboard.summary.success.no_permission -> tests\fixtures\legacy-golden\phase1_6.read_authz.dashboard.summary.success.no_permission.json
[legacy-contract] captured phase1_6.read_authz.dashboard.problems_causes.success.unauthenticated -> tests\fixtures\legacy-golden\phase1_6.read_authz.dashboard.problems_causes.success.unauthenticated.json
[legacy-contract] captured phase1_6.read_authz.dashboard.problems_causes.success.no_permission -> tests\fixtures\legacy-golden\phase1_6.read_authz.dashboard.problems_causes.success.no_permission.json
[legacy-contract] captured phase1_6.read_authz.dashboard.problems_solutions.success.unauthenticated -> tests\fixtures\legacy-golden\phase1_6.read_authz.dashboard.problems_solutions.success.unauthenticated.json
[legacy-contract] captured phase1_6.read_authz.dashboard.problems_solutions.success.no_permission -> tests\fixtures\legacy-golden\phase1_6.read_authz.dashboard.problems_solutions.success.no_permission.json
[legacy-contract] captured phase1_6.read_authz.dashboard.projects.success.unauthenticated -> tests\fixtures\legacy-golden\phase1_6.read_authz.dashboard.projects.success.unauthenticated.json
[legacy-contract] captured phase1_6.read_authz.dashboard.projects.success.no_permission -> tests\fixtures\legacy-golden\phase1_6.read_authz.dashboard.projects.success.no_permission.json
[legacy-contract] captured phase1_6.read_authz.incidents.success.unauthenticated -> tests\fixtures\legacy-golden\phase1_6.read_authz.incidents.success.unauthenticated.json
[legacy-contract] captured phase1_6.read_authz.incidents.success.no_permission -> tests\fixtures\legacy-golden\phase1_6.read_authz.incidents.success.no_permission.json
[legacy-contract] captured phase1_6.read_authz.incidents.usage.success_probe.unauthenticated -> tests\fixtures\legacy-golden\phase1_6.read_authz.incidents.usage.success_probe.unauthenticated.json
[legacy-contract] captured phase1_6.read_authz.incidents.usage.success_probe.no_permission -> tests\fixtures\legacy-golden\phase1_6.read_authz.incidents.usage.success_probe.no_permission.json
[legacy-contract] captured phase1_6.read_authz.incidents.images.success.unauthenticated -> tests\fixtures\legacy-golden\phase1_6.read_authz.incidents.images.success.unauthenticated.json
[legacy-contract] captured phase1_6.read_authz.incidents.images.success.no_permission -> tests\fixtures\legacy-golden\phase1_6.read_authz.incidents.images.success.no_permission.json
[legacy-contract] captured phase1_6.read_authz.help.success.unauthenticated -> tests\fixtures\legacy-golden\phase1_6.read_authz.help.success.unauthenticated.json
[legacy-contract] captured phase1_6.read_authz.help.success.no_permission -> tests\fixtures\legacy-golden\phase1_6.read_authz.help.success.no_permission.json
[legacy-contract] captured phase1_6.read_authz.help.images.success.unauthenticated -> tests\fixtures\legacy-golden\phase1_6.read_authz.help.images.success.unauthenticated.json
[legacy-contract] captured phase1_6.read_authz.help.images.success.no_permission -> tests\fixtures\legacy-golden\phase1_6.read_authz.help.images.success.no_permission.json
[legacy-contract] captured phase1_6.read_authz.ai_assistant.status.success.unauthenticated -> tests\fixtures\legacy-golden\phase1_6.read_authz.ai_assistant.status.success.unauthenticated.json
[legacy-contract] captured phase1_6.read_authz.ai_assistant.status.success.no_permission -> tests\fixtures\legacy-golden\phase1_6.read_authz.ai_assistant.status.success.no_permission.json
[legacy-contract] captured phase1_6.read_authz.ai_assistant.examples.success.unauthenticated -> tests\fixtures\legacy-golden\phase1_6.read_authz.ai_assistant.examples.success.unauthenticated.json
[legacy-contract] captured phase1_6.read_authz.ai_assistant.examples.success.no_permission -> tests\fixtures\legacy-golden\phase1_6.read_authz.ai_assistant.examples.success.no_permission.json
[legacy-contract] captured phase1_6.read_authz.ai_assistant.threads.success.unauthenticated -> tests\fixtures\legacy-golden\phase1_6.read_authz.ai_assistant.threads.success.unauthenticated.json
[legacy-contract] captured phase1_6.read_authz.ai_assistant.threads.success.no_permission -> tests\fixtures\legacy-golden\phase1_6.read_authz.ai_assistant.threads.success.no_permission.json
[legacy-contract] captured phase1_6.read_authz.chat.messages.success_probe.unauthenticated -> tests\fixtures\legacy-golden\phase1_6.read_authz.chat.messages.success_probe.unauthenticated.json
[legacy-contract] captured phase1_6.read_authz.chat.messages.success_probe.no_permission -> tests\fixtures\legacy-golden\phase1_6.read_authz.chat.messages.success_probe.no_permission.json
[legacy-contract] captured phase1_6.read_authz.chat.messages_count.success_probe.unauthenticated -> tests\fixtures\legacy-golden\phase1_6.read_authz.chat.messages_count.success_probe.unauthenticated.json
[legacy-contract] captured phase1_6.read_authz.chat.messages_count.success_probe.no_permission -> tests\fixtures\legacy-golden\phase1_6.read_authz.chat.messages_count.success_probe.no_permission.json
[legacy-contract] captured phase1_6.read_authz.chat.presence.success.unauthenticated -> tests\fixtures\legacy-golden\phase1_6.read_authz.chat.presence.success.unauthenticated.json
[legacy-contract] captured phase1_6.read_authz.chat.presence.success.no_permission -> tests\fixtures\legacy-golden\phase1_6.read_authz.chat.presence.success.no_permission.json
[legacy-contract] captured phase1_6.read_authz.chat.unread_messages.success.unauthenticated -> tests\fixtures\legacy-golden\phase1_6.read_authz.chat.unread_messages.success.unauthenticated.json
[legacy-contract] captured phase1_6.read_authz.chat.unread_messages.success.no_permission -> tests\fixtures\legacy-golden\phase1_6.read_authz.chat.unread_messages.success.no_permission.json
[legacy-contract] captured phase1_6.read_authz.chat.sidebar.success.unauthenticated -> tests\fixtures\legacy-golden\phase1_6.read_authz.chat.sidebar.success.unauthenticated.json
[legacy-contract] captured phase1_6.read_authz.chat.sidebar.success.no_permission -> tests\fixtures\legacy-golden\phase1_6.read_authz.chat.sidebar.success.no_permission.json
[legacy-contract] captured phase1_6.read_authz.monitoring.picture_pages.success.unauthenticated -> tests\fixtures\legacy-golden\phase1_6.read_authz.monitoring.picture_pages.success.unauthenticated.json
[legacy-contract] captured phase1_6.read_authz.monitoring.picture_pages.success.no_permission -> tests\fixtures\legacy-golden\phase1_6.read_authz.monitoring.picture_pages.success.no_permission.json
[legacy-contract] captured phase1_6.read_authz.monitoring.radar_groups.success.unauthenticated -> tests\fixtures\legacy-golden\phase1_6.read_authz.monitoring.radar_groups.success.unauthenticated.json
[legacy-contract] captured phase1_6.read_authz.monitoring.radar_groups.success.no_permission -> tests\fixtures\legacy-golden\phase1_6.read_authz.monitoring.radar_groups.success.no_permission.json
[legacy-contract] captured phase1_6.read_authz.monitoring.radars.success.unauthenticated -> tests\fixtures\legacy-golden\phase1_6.read_authz.monitoring.radars.success.unauthenticated.json
[legacy-contract] captured phase1_6.read_authz.monitoring.radars.success.no_permission -> tests\fixtures\legacy-golden\phase1_6.read_authz.monitoring.radars.success.no_permission.json
