[legacy-contract] captured phase1_6.mutation_notfound.contacts.update -> tests\fixtures\legacy-golden\phase1_6.mutation_notfound.contacts.update.json
[legacy-contract] captured phase1_6.mutation_notfound.contacts.delete -> tests\fixtures\legacy-golden\phase1_6.mutation_notfound.contacts.delete.json
[legacy-contract] captured phase1_6.mutation_notfound.groups.update -> tests\fixtures\legacy-golden\phase1_6.mutation_notfound.groups.update.json
[legacy-contract] captured phase1_6.mutation_notfound.groups.delete -> tests\fixtures\legacy-golden\phase1_6.mutation_notfound.groups.delete.json
[legacy-contract] captured phase1_6.mutation_notfound.groups.permissions.update -> tests\fixtures\legacy-golden\phase1_6.mutation_notfound.groups.permissions.update.json
[legacy-contract] captured phase1_6.mutation_notfound.incidents.delete -> tests\fixtures\legacy-golden\phase1_6.mutation_notfound.incidents.delete.json
[legacy-contract] captured phase1_6.mutation_notfound.products.update -> tests\fixtures\legacy-golden\phase1_6.mutation_notfound.products.update.json
[legacy-contract] captured phase1_6.mutation_notfound.products.delete -> tests\fixtures\legacy-golden\phase1_6.mutation_notfound.products.delete.json
[legacy-contract] captured phase1_6.mutation_notfound.projects.create_activity_missing_project -> tests\fixtures\legacy-golden\phase1_6.mutation_notfound.projects.create_activity_missing_project.json
[legacy-contract] captured phase1_6.mutation_notfound.projects.update -> tests\fixtures\legacy-golden\phase1_6.mutation_notfound.projects.update.json
[legacy-contract] captured phase1_6.mutation_notfound.projects.delete -> tests\fixtures\legacy-golden\phase1_6.mutation_notfound.projects.delete.json
[legacy-contract] captured phase1_6.mutation_notfound.projects.activities.update -> tests\fixtures\legacy-golden\phase1_6.mutation_notfound.projects.activities.update.json
[legacy-contract] captured phase1_6.mutation_notfound.projects.activities.delete -> tests\fixtures\legacy-golden\phase1_6.mutation_notfound.projects.activities.delete.json
[legacy-contract] captured phase1_6.mutation_notfound.projects.tasks.create_missing_activity -> tests\fixtures\legacy-golden\phase1_6.mutation_notfound.projects.tasks.create_missing_activity.json
[legacy-contract] captured phase1_6.mutation_notfound.projects.tasks.update -> tests\fixtures\legacy-golden\phase1_6.mutation_notfound.projects.tasks.update.json
[legacy-contract] captured phase1_6.mutation_notfound.projects.tasks.delete -> tests\fixtures\legacy-golden\phase1_6.mutation_notfound.projects.tasks.delete.json
[legacy-contract] captured phase1_6.mutation_notfound.tasks.users.set -> tests\fixtures\legacy-golden\phase1_6.mutation_notfound.tasks.users.set.json
[legacy-contract] captured phase1_6.mutation_notfound.products_extended.activities.update -> tests\fixtures\legacy-golden\phase1_6.mutation_notfound.products_extended.activities.update.json
[legacy-contract] captured phase1_6.mutation_notfound.products_extended.availability_exceptions.delete -> tests\fixtures\legacy-golden\phase1_6.mutation_notfound.products_extended.availability_exceptions.delete.json
[legacy-contract] captured phase1_6.mutation_notfound.products_extended.contacts.delete -> tests\fixtures\legacy-golden\phase1_6.mutation_notfound.products_extended.contacts.delete.json
[legacy-contract] captured phase1_6.mutation_notfound.products_extended.dependencies.update -> tests\fixtures\legacy-golden\phase1_6.mutation_notfound.products_extended.dependencies.update.json
[legacy-contract] captured phase1_6.mutation_notfound.products_extended.dependencies.delete -> tests\fixtures\legacy-golden\phase1_6.mutation_notfound.products_extended.dependencies.delete.json
[legacy-contract] captured phase1_6.mutation_notfound.products_extended.problem_categories.update -> tests\fixtures\legacy-golden\phase1_6.mutation_notfound.products_extended.problem_categories.update.json
[legacy-contract] captured phase1_6.mutation_notfound.products_extended.problem_categories.delete -> tests\fixtures\legacy-golden\phase1_6.mutation_notfound.products_extended.problem_categories.delete.json
[legacy-contract] captured phase1_6.mutation_notfound.products_extended.problems.update -> tests\fixtures\legacy-golden\phase1_6.mutation_notfound.products_extended.problems.update.json
[legacy-contract] captured phase1_6.mutation_notfound.products_extended.problem_images.delete -> tests\fixtures\legacy-golden\phase1_6.mutation_notfound.products_extended.problem_images.delete.json
[legacy-contract] captured phase1_6.mutation_notfound.products_extended.solution_images.delete -> tests\fixtures\legacy-golden\phase1_6.mutation_notfound.products_extended.solution_images.delete.json
